Microchip MPLAB XC8 Compiler V2.36

Linker command line:

-W-3 --edf=C:\Program Files\Microchip\xc8\v2.36\pic\dat\en_msgs.txt -cn \
  -h+dist/default/production\Interrupt_LEDs.X.production.sym \
  --cmf=dist/default/production\Interrupt_LEDs.X.production.cmf -z \
  -Q18F4520 -oC:\Users\BRUNOM~1\AppData\Local\Temp\xcAseao.4 \
  --defsym=__MPLAB_BUILD=1 \
  -Mdist/default/production/Interrupt_LEDs.X.production.map \
  --md=C:\Users\BRUNOM~1\AppData\Local\Temp\xcAseao.dat -E1 \
  -ver=XC8 Compiler --acfsm=1493 -ACODE=00h-07FFFh -ACONST=00h-07FFFh \
  -ASMALLCONST=0600h-06FFhx122 -AMEDIUMCONST=0600h-07FFFh -ACOMRAM=01h-07Fh \
  -AABS1=00h-05FFh -ABIGRAM=01h-05FFh -ARAM=080h-0FFh,0100h-01FFhx5 \
  -ABANK0=080h-0FFh -ABANK1=0100h-01FFh -ABANK2=0200h-02FFh \
  -ABANK3=0300h-03FFh -ABANK4=0400h-04FFh -ABANK5=0500h-05FFh \
  -ASFR=0F80h-0FFFh -ABIGSFR=0F80h-0FFFh -ACONFIG=0300000h-030000Dh \
  -AIDLOC=0200000h-0200007h -AEEDATA=0F00000h-0F000FFh -peeprom_data=EEDATA \
  -preset_vec=00h,intcode=08h,intcodelo,powerup,init -pramtop=0600h \
  -psmallconst=SMALLCONST -pmediumconst=MEDIUMCONST -pconst=CONST \
  -AFARRAM=00h-00h \
  -prdata=COMRAM,nvrram=COMRAM,nvbit=COMRAM,rbss=COMRAM,rbit=COMRAM \
  -pfarbss=FARRAM,fardata=FARRAM,nvFARRAM=FARRAM \
  -pintsave_regs=BIGRAM,bigbss=BIGRAM,bigdata=BIGRAM -pbss=RAM \
  -pidata=CODE,irdata=CODE,ibigdata=CODE,ifardata=CODE -prparam=COMRAM \
  C:\Users\BRUNOM~1\AppData\Local\Temp\xcAseao.o \
  dist/default/production\Interrupt_LEDs.X.production.o 

Object code version is 3.11

Machine type is 18F4520



                Name                               Link     Load   Length Selector   Space Scale
C:\Users\BRUNOM~1\AppData\Local\Temp\xcAseao.o
                idloc                            200000   200000        8        0       5
                config                           300000   300000        E        0       4
                init                                  E        E        4        4       0
                reset_vec                             0        0        4        0       0
dist/default/production\Interrupt_LEDs.X.production.o
                intcode                               8        8        6        4       0
                idloc                            200000   200000        8        0       5
                config                           300000   300000        E        0       4
                temp                                 7D       7D        1        1       1
                smallconst                          600      600       2C      300       0
                intcode_body                       130A     130A       AE      316       0
                text24                             1810     1810        A      316       0
                text23                             1806     1806        A      316       0
                text22                             17F2     17F2       14      316       0
                text21                             17B4     17B4       20      316       0
                text20                             109A     109A       E4      316       0
                text19                             1458     1458       9E      316       0
                text18                             17D4     17D4       1E      316       0
                text17                             13B8     13B8       A0      316       0
                text16                             178E     178E       26      316       0
                text15                             16FA     16FA       38      316       0
                text14                             15D6     15D6       52      316       0
                text13                              F44      F44      156      316       0
                text12                              C58      C58      188      316       0
                text11                              DE0      DE0      164      316       0
                text10                             16BA     16BA       40      316       0
                text9                              181A     181A        2      316       0
                text8                              117E     117E       CA      316       0
                text7                              1676     1676       44      316       0
                text6                              1732     1732       36      316       0
                text5                              1248     1248       C2      316       0
                text4                               97A      97A      2DE      316       0
                text3                               62C      62C      34E      316       0
                text2                              1578     1578       5E      316       0
                text1                              1628     1628       4E      316       0
                text0                              14F6     14F6       82      316       0
                cstackCOMRAM                          1        1       72        1       1
                bssBANK0                             80       80       30       80       1
                bssCOMRAM                            73       73        A        1       1
                cinit                              1768     1768       26      316       0

TOTAL           Name                               Link     Load   Length     Space
        CLASS   CODE           
                intcode                               8        8        6         0
                init                                  E        E        4         0
                reset_vec                             0        0        4         0
                intcode_body                       130A     130A       AE         0
                text24                             1810     1810        A         0
                text23                             1806     1806        A         0
                text22                             17F2     17F2       14         0
                text21                             17B4     17B4       20         0
                text20                             109A     109A       E4         0
                text19                             1458     1458       9E         0
                text18                             17D4     17D4       1E         0
                text17                             13B8     13B8       A0         0
                text16                             178E     178E       26         0
                text15                             16FA     16FA       38         0
                text14                             15D6     15D6       52         0
                text13                              F44      F44      156         0
                text12                              C58      C58      188         0
                text11                              DE0      DE0      164         0
                text10                             16BA     16BA       40         0
                text9                              181A     181A        2         0
                text8                              117E     117E       CA         0
                text7                              1676     1676       44         0
                text6                              1732     1732       36         0
                text5                              1248     1248       C2         0
                text4                               97A      97A      2DE         0
                text3                               62C      62C      34E         0
                text2                              1578     1578       5E         0
                text1                              1628     1628       4E         0
                text0                              14F6     14F6       82         0
                cinit                              1768     1768       26         0

        CLASS   CONST          

        CLASS   SMALLCONST     
                smallconst                          600      600       2C         0

        CLASS   MEDIUMCONST    

        CLASS   COMRAM         
                temp                                 7D       7D        1         1
                cstackCOMRAM                          1        1       72         1
                bssCOMRAM                            73       73        A         1

        CLASS   ABS1           

        CLASS   BIGRAM         

        CLASS   RAM            

        CLASS   BANK0          
                bssBANK0                             80       80       30         1

        CLASS   BANK1          

        CLASS   BANK2          

        CLASS   BANK3          

        CLASS   BANK4          

        CLASS   BANK5          

        CLASS   SFR            

        CLASS   BIGSFR         

        CLASS   CONFIG         
                config                           300000   300000        E         4

        CLASS   IDLOC          
                idloc                            200000   200000        8         5

        CLASS   EEDATA         

        CLASS   FARRAM         

        CLASS   HEAP           

        CLASS   STACK          



SEGMENTS        Name                           Load    Length   Top    Selector   Space  Class

                reset_vec                      000000  000004  000004         0       0  CODE    
                cstackCOMRAM                   000001  00007D  00007E         1       1  COMRAM  
                intcode                        000008  00000A  000012         4       0  CODE    
                bssBANK0                       000080  000030  0000B0        80       1  BANK0   
                smallconst                     000600  00002C  00062C       300       0  SMALLCON
                text3                          00062C  0011F0  00181C       316       0  CODE    


UNUSED ADDRESS RANGES

        Name                Unused          Largest block    Delta
        BANK0            0000B0-0000FF               50
        BANK1            000100-0001FF              100
        BANK2            000200-0002FF              100
        BANK3            000300-0003FF              100
        BANK4            000400-0004FF              100
        BANK5            000500-0005FF              100
        BIGRAM           00007E-00007F                2
                         0000B0-0005FF              550
        BIGSFR           000F80-000FFF               80
        CODE             000004-000007                4
                         000012-0005FF              5EE
                         00181C-007FFF             67E4
        COMRAM           00007E-00007F                2
        CONST            000004-000007                4
                         000012-0005FF              5EE
                         00181C-007FFF             67E4
        EEDATA           F00000-F000FF              100
        MEDIUMCONST      00181C-007FFF             67E4
        RAM              0000B0-0005FF              100
        SFR              000F80-000FFF               80
        SMALLCONST       00181C-007FFF              100

                                  Symbol Table

?___aodiv                cstackCOMRAM 000003
?___aomod                cstackCOMRAM 000003
?___wmul                 cstackCOMRAM 000003
?_abs                    cstackCOMRAM 000015
?_atoi                   cstackCOMRAM 00000A
?_dtoa                   cstackCOMRAM 00001E
?_isdigit                cstackCOMRAM 000003
?_isspace                cstackCOMRAM 000003
?_pad                    cstackCOMRAM 000013
?_sprintf                cstackCOMRAM 00005E
?_strlen                 cstackCOMRAM 000003
?_vfpfcnvrt              cstackCOMRAM 000042
?_vfprintf               cstackCOMRAM 000056
_ADCON1                  (abs)        000FC1
_BufferLCD               bssBANK0     0000A0
_INTCON                  (abs)        000FF2
_INTCON2                 (abs)        000FF1
_INTCONbits              (abs)        000FF2
_OSCCON                  (abs)        000FD3
_OSCTUNE                 (abs)        000F9B
_PORTB                   (abs)        000F81
_PORTC                   (abs)        000F82
_PORTD                   (abs)        000F83
_PORTDbits               (abs)        000F83
_PORTEbits               (abs)        000F84
_TRISB                   (abs)        000F93
_TRISC                   (abs)        000F94
_TRISD                   (abs)        000F95
_TRISEbits               (abs)        000F96
__HRAM                   (abs)        000000
__Habs1                  abs1         000000
__Hbank0                 bank0        000000
__Hbank1                 bank1        000000
__Hbank2                 bank2        000000
__Hbank3                 bank3        000000
__Hbank4                 bank4        000000
__Hbank5                 bank5        000000
__Hbigbss                bigbss       000000
__Hbigdata               bigdata      000000
__Hbigram                bigram       000000
__Hbigsfr                bigsfr       000000
__Hbss                   bss          000000
__HbssBANK0              bssBANK0     000000
__HbssCOMRAM             bssCOMRAM    000000
__Hcinit                 cinit        000000
__Hclrtext               clrtext      000000
__Hcomram                comram       000000
__Hconfig                config       30000E
__Hconst                 const        000000
__HcstackCOMRAM          cstackCOMRAM 000000
__Hdata                  data         000000
__Heeprom_data           eeprom_data  000000
__Hfarbss                farbss       000000
__Hfardata               fardata      000000
__Hheap                  heap         000000
__Hibigdata              ibigdata     000000
__Hidata                 idata        000000
__Hidloc                 idloc        200008
__Hifardata              ifardata     000000
__Hinit                  init         000012
__Hintcode               intcode      00000E
__Hintcode_body          intcode_body 000000
__Hintcodelo             intcodelo    00000E
__Hintentry              intentry     000000
__Hintret                intret       000000
__Hintsave_regs          intsave_regs 000000
__Hirdata                irdata       000000
__Hmediumconst           mediumconst  000000
__HnvFARRAM              nvFARRAM     000000
__Hnvbit                 nvbit        000000
__Hnvrram                nvrram       000000
__Hparam                 rparam       000000
__Hpowerup               powerup      00000E
__Hram                   ram          000000
__Hramtop                ramtop       000600
__Hrbit                  rbit         000000
__Hrbss                  rbss         000000
__Hrdata                 rdata        000000
__Hreset_vec             reset_vec    000004
__Hrparam                rparam       000000
__Hsfr                   sfr          000000
__Hsmallconst            smallconst   00062C
__Hspace_0               (abs)        00181C
__Hspace_1               (abs)        0000B0
__Hspace_2               (abs)        000000
__Hspace_4               (abs)        60000E
__Hstack                 stack        000000
__Hstruct                struct       000000
__Htemp                  temp         00007E
__Htext                  text         000000
__Htext0                 text0        000000
__Htext1                 text1        000000
__Htext10                text10       000000
__Htext11                text11       000000
__Htext12                text12       000000
__Htext13                text13       000000
__Htext14                text14       000000
__Htext15                text15       000000
__Htext16                text16       000000
__Htext17                text17       000000
__Htext18                text18       000000
__Htext19                text19       000000
__Htext2                 text2        000000
__Htext20                text20       000000
__Htext21                text21       000000
__Htext22                text22       000000
__Htext23                text23       000000
__Htext24                text24       000000
__Htext3                 text3        000000
__Htext4                 text4        000000
__Htext5                 text5        000000
__Htext6                 text6        000000
__Htext7                 text7        000000
__Htext8                 text8        000000
__Htext9                 text9        000000
__LRAM                   (abs)        000001
__Labs1                  abs1         000000
__Lbank0                 bank0        000000
__Lbank1                 bank1        000000
__Lbank2                 bank2        000000
__Lbank3                 bank3        000000
__Lbank4                 bank4        000000
__Lbank5                 bank5        000000
__Lbigbss                bigbss       000000
__Lbigdata               bigdata      000000
__Lbigram                bigram       000000
__Lbigsfr                bigsfr       000000
__Lbss                   bss          000000
__LbssBANK0              bssBANK0     000000
__LbssCOMRAM             bssCOMRAM    000000
__Lcinit                 cinit        000000
__Lclrtext               clrtext      000000
__Lcomram                comram       000000
__Lconfig                config       000000
__Lconst                 const        000000
__LcstackCOMRAM          cstackCOMRAM 000000
__Ldata                  data         000000
__Leeprom_data           eeprom_data  000000
__Lfarbss                farbss       000000
__Lfardata               fardata      000000
__Lheap                  heap         000000
__Libigdata              ibigdata     000000
__Lidata                 idata        000000
__Lidloc                 idloc        000000
__Lifardata              ifardata     000000
__Linit                  init         00000E
__Lintcode               intcode      000008
__Lintcode_body          intcode_body 000000
__Lintcodelo             intcodelo    00000E
__Lintentry              intentry     000000
__Lintret                intret       000000
__Lintsave_regs          intsave_regs 000000
__Lirdata                irdata       000000
__Lmediumconst           mediumconst  000000
__LnvFARRAM              nvFARRAM     000000
__Lnvbit                 nvbit        000000
__Lnvrram                nvrram       000000
__Lparam                 rparam       000000
__Lpowerup               powerup      00000E
__Lram                   ram          000000
__Lramtop                ramtop       000600
__Lrbit                  rbit         000000
__Lrbss                  rbss         000000
__Lrdata                 rdata        000000
__Lreset_vec             reset_vec    000000
__Lrparam                rparam       000000
__Lsfr                   sfr          000000
__Lsmallconst            smallconst   000600
__Lspace_0               (abs)        000000
__Lspace_1               (abs)        000000
__Lspace_2               (abs)        000000
__Lspace_4               (abs)        000000
__Lstack                 stack        000000
__Lstruct                struct       000000
__Ltemp                  temp         00007D
__Ltext                  text         000000
__Ltext0                 text0        000000
__Ltext1                 text1        000000
__Ltext10                text10       000000
__Ltext11                text11       000000
__Ltext12                text12       000000
__Ltext13                text13       000000
__Ltext14                text14       000000
__Ltext15                text15       000000
__Ltext16                text16       000000
__Ltext17                text17       000000
__Ltext18                text18       000000
__Ltext19                text19       000000
__Ltext2                 text2        000000
__Ltext20                text20       000000
__Ltext21                text21       000000
__Ltext22                text22       000000
__Ltext23                text23       000000
__Ltext24                text24       000000
__Ltext3                 text3        000000
__Ltext4                 text4        000000
__Ltext5                 text5        000000
__Ltext6                 text6        000000
__Ltext7                 text7        000000
__Ltext8                 text8        000000
__Ltext9                 text9        000000
__S0                     (abs)        00181C
__S1                     (abs)        0000B0
__S4                     (abs)        000000
__S5                     (abs)        000000
___aodiv                 text12       000C58
___aodiv@counter         cstackCOMRAM 000013
___aodiv@dividend        cstackCOMRAM 000003
___aodiv@divisor         cstackCOMRAM 00000B
___aodiv@quotient        cstackCOMRAM 000015
___aodiv@sign            cstackCOMRAM 000014
___aomod                 text11       000DE0
___aomod@counter         cstackCOMRAM 000013
___aomod@dividend        cstackCOMRAM 000003
___aomod@divisor         cstackCOMRAM 00000B
___aomod@sign            cstackCOMRAM 000014
___heap_hi               (abs)        000000
___heap_lo               (abs)        000000
___inthi_sp              stack        000000
___intlo_sp              stack        000000
___param_bank            (abs)        000000
___rparam_used           (abs)        000001
___sp                    stack        000000
___wmul                  text16       00178E
___wmul@multiplicand     cstackCOMRAM 000005
___wmul@multiplier       cstackCOMRAM 000003
___wmul@product          cstackCOMRAM 000007
__accesstop              (abs)        000080
__activetblptr           (abs)        000002
__end_of___aodiv         text12       000DE0
__end_of___aomod         text11       000F44
__end_of___wmul          text16       0017B4
__end_of__initialization cinit        001780
__end_of_abs             text10       0016FA
__end_of_atoi            text13       00109A
__end_of_config_EXT_INT  text24       00181A
__end_of_config_FOSC     text23       001810
__end_of_config_IO       text22       001806
__end_of_dtoa            text4        000C58
__end_of_fputc           text8        001248
__end_of_fputs           text7        0016BA
__end_of_int_EXT         intcode_body 0013B8
__end_of_isdigit         text15       001732
__end_of_isspace         text14       001628
__end_of_lcd_cmd         text20       00117E
__end_of_lcd_init        text19       0014F6
__end_of_lcd_send_byte   text18       0017F2
__end_of_lcd_write       text17       001458
__end_of_main            text0        001578
__end_of_pad             text5        00130A
__end_of_putch           text9        00181C
__end_of_set_bit         text21       0017D4
__end_of_sprintf         text1        001676
__end_of_strlen          text6        001768
__end_of_vfpfcnvrt       text3        00097A
__end_of_vfprintf        text2        0015D6
__initialization         cinit        001768
__mediumconst            mediumconst  000000
__pbssBANK0              bssBANK0     000080
__pbssCOMRAM             bssCOMRAM    000073
__pcinit                 cinit        001768
__pcstackCOMRAM          cstackCOMRAM 000001
__pintcode               intcode      000008
__pintcode_body          intcode_body 00130A
__psmallconst            smallconst   000600
__ptext0                 text0        0014F6
__ptext1                 text1        001628
__ptext10                text10       0016BA
__ptext11                text11       000DE0
__ptext12                text12       000C58
__ptext13                text13       000F44
__ptext14                text14       0015D6
__ptext15                text15       0016FA
__ptext16                text16       00178E
__ptext17                text17       0013B8
__ptext18                text18       0017D4
__ptext19                text19       001458
__ptext2                 text2        001578
__ptext20                text20       00109A
__ptext21                text21       0017B4
__ptext22                text22       0017F2
__ptext23                text23       001806
__ptext24                text24       001810
__ptext3                 text3        00062C
__ptext4                 text4        00097A
__ptext5                 text5        001248
__ptext6                 text6        001732
__ptext7                 text7        001676
__ptext8                 text8        00117E
__ptext9                 text9        00181A
__ramtop                 ramtop       000600
__smallconst             smallconst   000600
_abs                     text10       0016BA
_atoi                    text13       000F44
_config_EXT_INT          text24       001810
_config_FOSC             text23       001806
_config_IO               text22       0017F2
_counter                 bssCOMRAM    00007B
_dbuf                    bssBANK0     000080
_dtoa                    text4        00097A
_dtoa$897                cstackCOMRAM 000030
_flags                   bssCOMRAM    000079
_fputc                   text8        00117E
_fputs                   text7        001676
_int_EXT                 intcode      000008
_isdigit                 text15       0016FA
_isspace                 text14       0015D6
_isspace$946             cstackCOMRAM 000009
_lcd_cmd                 text20       00109A
_lcd_init                text19       001458
_lcd_send_byte           text18       0017D4
_lcd_write               text17       0013B8
_main                    text0        0014F6
_nout                    bssCOMRAM    000073
_pad                     text5        001248
_prec                    bssCOMRAM    000077
_putch                   text9        00181A
_set_bit                 text21       0017B4
_sprintf                 text1        001628
_strlen                  text6        001732
_vfpfcnvrt               text3        00062C
_vfprintf                text2        001578
_width                   bssCOMRAM    000075
abs@a                    cstackCOMRAM 000015
atoi@n                   cstackCOMRAM 000012
atoi@neg                 cstackCOMRAM 000010
atoi@s                   cstackCOMRAM 00000A
btemp                    temp         00007D
dtoa@d                   cstackCOMRAM 000020
dtoa@fp                  cstackCOMRAM 00001E
dtoa@i                   cstackCOMRAM 000040
dtoa@n                   cstackCOMRAM 000038
dtoa@p                   cstackCOMRAM 000032
dtoa@s                   cstackCOMRAM 000036
dtoa@w                   cstackCOMRAM 000034
end_of_initialization    cinit        001780
fputc@c                  cstackCOMRAM 000003
fputc@fp                 cstackCOMRAM 000005
fputs@c                  cstackCOMRAM 000010
fputs@fp                 cstackCOMRAM 00000E
fputs@i                  cstackCOMRAM 000011
fputs@s                  cstackCOMRAM 00000C
int$flags                temp         00007D
int_func                 intcode_body 00130A
intlevel0                text         000000
intlevel1                text         000000
intlevel2                text         000000
intlevel3                text         000000
isa$std                  (abs)        000001
isa$xinst                (abs)        000000
isdigit@c                cstackCOMRAM 000003
isspace@c                cstackCOMRAM 000003
lcd_cmd@cmd              cstackCOMRAM 000006
lcd_init@i               cstackCOMRAM 000008
lcd_send_byte@data       cstackCOMRAM 000007
lcd_send_byte@level      cstackCOMRAM 000008
lcd_write@col            cstackCOMRAM 000009
lcd_write@end            cstackCOMRAM 00000C
lcd_write@lin            cstackCOMRAM 00000D
lcd_write@str            cstackCOMRAM 00000A
pad@buf                  cstackCOMRAM 000015
pad@fp                   cstackCOMRAM 000013
pad@i                    cstackCOMRAM 00001A
pad@p                    cstackCOMRAM 000017
pad@w                    cstackCOMRAM 00001C
set_bit@cmd              cstackCOMRAM 000004
set_bit@comp             cstackCOMRAM 000003
sprintf@ap               cstackCOMRAM 000064
sprintf@f                cstackCOMRAM 000066
sprintf@fmt              cstackCOMRAM 000060
sprintf@s                cstackCOMRAM 00005E
stackhi                  (abs)        000000
stacklo                  (abs)        000000
start                    init         00000E
start_initialization     cinit        001768
strlen@a                 cstackCOMRAM 000005
strlen@s                 cstackCOMRAM 000003
ttemp5                   temp         00007E
ttemp6                   temp         000081
ttemp7                   temp         000085
vfpfcnvrt@ap             cstackCOMRAM 000046
vfpfcnvrt@done           cstackCOMRAM 000054
vfpfcnvrt@fmt            cstackCOMRAM 000044
vfpfcnvrt@fp             cstackCOMRAM 000042
vfpfcnvrt@ll             cstackCOMRAM 00004C
vfprintf@ap              cstackCOMRAM 00005A
vfprintf@cfmt            cstackCOMRAM 00005C
vfprintf@fmt             cstackCOMRAM 000058
vfprintf@fp              cstackCOMRAM 000056
wtemp8                   temp         00007E


MODULE INFORMATION

Module		Function		Class		Link	Load	Size
C:\Program Files\Microchip\xc8\v2.36\pic\sources\c99\common\putch.c
		_putch         		CODE           	181A	0000	2

C:\Program Files\Microchip\xc8\v2.36\pic\sources\c99\common\putch.c estimated size: 2

C:\Program Files\Microchip\xc8\v2.36\pic\sources\c99\common\nf_fputs.c
		_fputs         		CODE           	1676	0000	68

C:\Program Files\Microchip\xc8\v2.36\pic\sources\c99\common\nf_fputs.c estimated size: 68

C:\Program Files\Microchip\xc8\v2.36\pic\sources\c99\common\aomod.c
		___aomod       		CODE           	0DE0	0000	356

C:\Program Files\Microchip\xc8\v2.36\pic\sources\c99\common\aomod.c estimated size: 356

C:\Program Files\Microchip\xc8\v2.36\pic\sources\c99\common\atoi.c
		_atoi          		CODE           	0F44	0000	342

C:\Program Files\Microchip\xc8\v2.36\pic\sources\c99\common\atoi.c estimated size: 342

C:\Program Files\Microchip\xc8\v2.36\pic\sources\c99\common\nf_sprintf.c
		_sprintf       		CODE           	1628	0000	78

C:\Program Files\Microchip\xc8\v2.36\pic\sources\c99\common\nf_sprintf.c estimated size: 78

C:\Program Files\Microchip\xc8\v2.36\pic\sources\c99\common\isspace.c
		_isspace       		CODE           	15D6	0000	82

C:\Program Files\Microchip\xc8\v2.36\pic\sources\c99\common\isspace.c estimated size: 82

LCD4b_EXSTO.c
		_lcd_cmd       		CODE           	109A	0000	228
		_lcd_send_byte 		CODE           	17D4	0000	30
		_set_bit       		CODE           	17B4	0000	32
		_lcd_write     		CODE           	13B8	0000	160
		_lcd_init      		CODE           	1458	0000	158

LCD4b_EXSTO.c estimated size: 608

C:\Program Files\Microchip\xc8\v2.36\pic\sources\c99\common\strlen.c
		_strlen        		CODE           	1732	0000	54

C:\Program Files\Microchip\xc8\v2.36\pic\sources\c99\common\strlen.c estimated size: 54

C:\Program Files\Microchip\xc8\v2.36\pic\sources\c99\common\aodiv.c
		___aodiv       		CODE           	0C58	0000	392

C:\Program Files\Microchip\xc8\v2.36\pic\sources\c99\common\aodiv.c estimated size: 392

C:\Program Files\Microchip\xc8\v2.36\pic\sources\c99\common\nf_fputc.c
		_fputc         		CODE           	117E	0000	202

C:\Program Files\Microchip\xc8\v2.36\pic\sources\c99\common\nf_fputc.c estimated size: 202

C:\Program Files\Microchip\xc8\v2.36\pic\sources\c99\common\isdigit.c
		_isdigit       		CODE           	16FA	0000	56

C:\Program Files\Microchip\xc8\v2.36\pic\sources\c99\common\isdigit.c estimated size: 56

C:\Program Files\Microchip\xc8\v2.36\pic\sources\c99\common\doprnt.c
		_vfpfcnvrt     		CODE           	062C	0000	846
		_pad           		CODE           	1248	0000	194
		_dtoa          		CODE           	097A	0000	734
		_vfprintf      		CODE           	1578	0000	94

C:\Program Files\Microchip\xc8\v2.36\pic\sources\c99\common\doprnt.c estimated size: 1868

shared
		__initialization		CODE           	1768	0000	24

shared estimated size: 24

C:\Program Files\Microchip\xc8\v2.36\pic\sources\c99\common\abs.c
		_abs           		CODE           	16BA	0000	64

C:\Program Files\Microchip\xc8\v2.36\pic\sources\c99\common\abs.c estimated size: 64

Program_Interrupt_LEDs.c
		_config_EXT_INT		CODE           	1810	0000	10
		_main          		CODE           	14F6	0000	130
		_int_EXT       		CODE           	0008	0000	180
		_config_IO     		CODE           	17F2	0000	20
		_config_FOSC   		CODE           	1806	0000	10

Program_Interrupt_LEDs.c estimated size: 350

C:\Program Files\Microchip\xc8\v2.36\pic\sources\c99\common\Umul16.c
		___wmul        		CODE           	178E	0000	38

C:\Program Files\Microchip\xc8\v2.36\pic\sources\c99\common\Umul16.c estimated size: 38

