Microchip MPLAB XC8 Compiler V2.36

Linker command line:

-W-3 --edf=C:\Program Files\Microchip\xc8\v2.36\pic\dat\en_msgs.txt -cn \
  -h+dist/default/production\Interrupt_Level_Control.X.production.sym \
  --cmf=dist/default/production\Interrupt_Level_Control.X.production.cmf -z \
  -Q18F4520 -oC:\Users\BRUNOM~1\AppData\Local\Temp\xcAsde4.4 \
  --defsym=__MPLAB_BUILD=1 \
  -Mdist/default/production/Interrupt_Level_Control.X.production.map \
  --md=C:\Users\BRUNOM~1\AppData\Local\Temp\xcAsde4.dat -E1 \
  -ver=XC8 Compiler --acfsm=1493 -ACODE=00h-07FFFh -ACONST=00h-07FFFh \
  -ASMALLCONST=0600h-06FFhx122 -AMEDIUMCONST=0600h-07FFFh -ACOMRAM=01h-07Fh \
  -AABS1=00h-05FFh -ABIGRAM=01h-05FFh -ARAM=080h-0FFh,0100h-01FFhx5 \
  -ABANK0=080h-0FFh -ABANK1=0100h-01FFh -ABANK2=0200h-02FFh \
  -ABANK3=0300h-03FFh -ABANK4=0400h-04FFh -ABANK5=0500h-05FFh \
  -ASFR=0F80h-0FFFh -ABIGSFR=0F80h-0FFFh -ACONFIG=0300000h-030000Dh \
  -AIDLOC=0200000h-0200007h -AEEDATA=0F00000h-0F000FFh -peeprom_data=EEDATA \
  -preset_vec=00h,intcode=08h,intcodelo,powerup,init -pramtop=0600h \
  -psmallconst=SMALLCONST -pmediumconst=MEDIUMCONST -pconst=CONST \
  -AFARRAM=00h-00h \
  -prdata=COMRAM,nvrram=COMRAM,nvbit=COMRAM,rbss=COMRAM,rbit=COMRAM \
  -pfarbss=FARRAM,fardata=FARRAM,nvFARRAM=FARRAM \
  -pintsave_regs=BIGRAM,bigbss=BIGRAM,bigdata=BIGRAM -pbss=RAM \
  -pidata=CODE,irdata=CODE,ibigdata=CODE,ifardata=CODE -prparam=COMRAM \
  C:\Users\BRUNOM~1\AppData\Local\Temp\xcAsde4.o \
  dist/default/production\Interrupt_Level_Control.X.production.o 

Object code version is 3.11

Machine type is 18F4520



                Name                               Link     Load   Length Selector   Space Scale
C:\Users\BRUNOM~1\AppData\Local\Temp\xcAsde4.o
                idloc                            200000   200000        8        0       5
                config                           300000   300000        E        0       4
                init                                  E        E        4        4       0
                reset_vec                             0        0        4        0       0
dist/default/production\Interrupt_Level_Control.X.production.o
                intcode                               8        8        6        4       0
                idloc                            200000   200000        8        0       5
                config                           300000   300000        E        0       4
                temp                                 4E       4E        1        1       1
                smallconst                          600      600       68      300       0
                text55                             38FA     38FA      104      334       0
                text54                             492A     492A       32      334       0
                text53                             2778     2778      39A      334       0
                text52                             1FB2     1FB2      42A      334       0
                text51                             33DE     33DE      1B4      334       0
                text50                             44B6     44B6       7C      334       0
                text49                             49D2     49D2       20      334       0
                text48                             3CDC     3CDC       E4      334       0
                text47                             4A10     4A10       1E      334       0
                text46                             42F8     42F8       A0      334       0
                intcode_body                       3AFE     3AFE       FA      334       0
                text44                             49B2     49B2       20      334       0
                text43                             3BF8     3BF8       E4      334       0
                text42                             49F2     49F2       1E      334       0
                text41                             4252     4252       A6      334       0
                text40                             498C     498C       26      334       0
                text39                             4856     4856       38      334       0
                text38                             4668     4668       54      334       0
                text37                             3592     3592      15A      334       0
                text36                             4030     4030       C6      334       0
                text35                             40F6     40F6       B0      334       0
                text34                             23DC     23DC      39C      334       0
                text33                             41A6     41A6       AC      334       0
                text32                             37F4     37F4      106      334       0
                text31                             1B86     1B86      42C      334       0
                text30                             481E     481E       38      334       0
                text29                             1280     1280      4C2      334       0
                text28                             479E     479E       48      334       0
                text27                             36EC     36EC      108      334       0
                text26                             39FE     39FE      100      334       0
                text25                             3010     3010      216      334       0
                text24                             4A5A     4A5A        2      334       0
                text23                             3E9A     3E9A       CE      334       0
                text22                             4756     4756       48      334       0
                text21                             488E     488E       36      334       0
                text20                             3F68     3F68       C8      334       0
                text19                             460A     460A       5E      334       0
                text18                             47E6     47E6       38      334       0
                text17                             470E     470E       48      334       0
                text16                              668      668      C18      334       0
                text15                             3DC0     3DC0       DA      334       0
                text14                             1742     1742      444      334       0
                text13                             45A8     45A8       62      334       0
                text12                             46BC     46BC       52      334       0
                text11                             4532     4532       76      334       0
                text10                             4A2E     4A2E        E      334       0
                text9                              4A50     4A50        A      334       0
                text8                              4A46     4A46        A      334       0
                text7                              4A3C     4A3C        A      334       0
                text6                              2B12     2B12      28E      334       0
                text5                              2DA0     2DA0      270      334       0
                text4                              48F8     48F8       32      334       0
                text3                              3226     3226      1B8      334       0
                text2                              4436     4436       80      334       0
                text1                              4398     4398       9E      334       0
                text0                              495C     495C       30      334       0
                cstackCOMRAM                          1        1       37        1       1
                cstackBANK0                          80       80       79       80       1
                cstackBANK1                         190      190       23      100       1
                bssBANK1                            100      100       90      100       1
                bssBANK0                             F9       F9        6       80       1
                bssCOMRAM                            38       38       16        1       1
                cinit                              48C4     48C4       34      334       0

TOTAL           Name                               Link     Load   Length     Space
        CLASS   CODE           
                intcode                               8        8        6         0
                init                                  E        E        4         0
                reset_vec                             0        0        4         0
                text55                             38FA     38FA      104         0
                text54                             492A     492A       32         0
                text53                             2778     2778      39A         0
                text52                             1FB2     1FB2      42A         0
                text51                             33DE     33DE      1B4         0
                text50                             44B6     44B6       7C         0
                text49                             49D2     49D2       20         0
                text48                             3CDC     3CDC       E4         0
                text47                             4A10     4A10       1E         0
                text46                             42F8     42F8       A0         0
                intcode_body                       3AFE     3AFE       FA         0
                text44                             49B2     49B2       20         0
                text43                             3BF8     3BF8       E4         0
                text42                             49F2     49F2       1E         0
                text41                             4252     4252       A6         0
                text40                             498C     498C       26         0
                text39                             4856     4856       38         0
                text38                             4668     4668       54         0
                text37                             3592     3592      15A         0
                text36                             4030     4030       C6         0
                text35                             40F6     40F6       B0         0
                text34                             23DC     23DC      39C         0
                text33                             41A6     41A6       AC         0
                text32                             37F4     37F4      106         0
                text31                             1B86     1B86      42C         0
                text30                             481E     481E       38         0
                text29                             1280     1280      4C2         0
                text28                             479E     479E       48         0
                text27                             36EC     36EC      108         0
                text26                             39FE     39FE      100         0
                text25                             3010     3010      216         0
                text24                             4A5A     4A5A        2         0
                text23                             3E9A     3E9A       CE         0
                text22                             4756     4756       48         0
                text21                             488E     488E       36         0
                text20                             3F68     3F68       C8         0
                text19                             460A     460A       5E         0
                text18                             47E6     47E6       38         0
                text17                             470E     470E       48         0
                text16                              668      668      C18         0
                text15                             3DC0     3DC0       DA         0
                text14                             1742     1742      444         0
                text13                             45A8     45A8       62         0
                text12                             46BC     46BC       52         0
                text11                             4532     4532       76         0
                text10                             4A2E     4A2E        E         0
                text9                              4A50     4A50        A         0
                text8                              4A46     4A46        A         0
                text7                              4A3C     4A3C        A         0
                text6                              2B12     2B12      28E         0
                text5                              2DA0     2DA0      270         0
                text4                              48F8     48F8       32         0
                text3                              3226     3226      1B8         0
                text2                              4436     4436       80         0
                text1                              4398     4398       9E         0
                text0                              495C     495C       30         0
                cinit                              48C4     48C4       34         0

        CLASS   CONST          

        CLASS   SMALLCONST     
                smallconst                          600      600       68         0

        CLASS   MEDIUMCONST    

        CLASS   COMRAM         
                temp                                 4E       4E        1         1
                cstackCOMRAM                          1        1       37         1
                bssCOMRAM                            38       38       16         1

        CLASS   ABS1           

        CLASS   BIGRAM         

        CLASS   RAM            

        CLASS   BANK0          
                cstackBANK0                          80       80       79         1
                bssBANK0                             F9       F9        6         1

        CLASS   BANK1          
                cstackBANK1                         190      190       23         1
                bssBANK1                            100      100       90         1

        CLASS   BANK2          

        CLASS   BANK3          

        CLASS   BANK4          

        CLASS   BANK5          

        CLASS   SFR            

        CLASS   BIGSFR         

        CLASS   CONFIG         
                config                           300000   300000        E         4

        CLASS   IDLOC          
                idloc                            200000   200000        8         5

        CLASS   EEDATA         

        CLASS   FARRAM         

        CLASS   HEAP           

        CLASS   STACK          



SEGMENTS        Name                           Load    Length   Top    Selector   Space  Class

                reset_vec                      000000  000004  000004         0       0  CODE    
                cstackCOMRAM                   000001  00004E  00004F         1       1  COMRAM  
                intcode                        000008  00000A  000012         4       0  CODE    
                cstackBANK0                    000080  00007F  0000FF        80       1  BANK0   
                bssBANK1                       000100  0000B3  0001B3       100       1  BANK1   
                smallconst                     000600  000068  000668       300       0  SMALLCON
                text16                         000668  0043F4  004A5C       334       0  CODE    


UNUSED ADDRESS RANGES

        Name                Unused          Largest block    Delta
        BANK0            0000FF-0000FF                1
        BANK1            0001B3-0001FF               4D
        BANK2            000200-0002FF              100
        BANK3            000300-0003FF              100
        BANK4            000400-0004FF              100
        BANK5            000500-0005FF              100
        BIGRAM           00004F-00007F               31
                         0000FF-0000FF                1
                         0001B3-0005FF              44D
        BIGSFR           000F80-000FFF               80
        CODE             000004-000007                4
                         000012-0005FF              5EE
                         004A5C-007FFF             35A4
        COMRAM           00004F-00007F               31
        CONST            000004-000007                4
                         000012-0005FF              5EE
                         004A5C-007FFF             35A4
        EEDATA           F00000-F000FF              100
        MEDIUMCONST      004A5C-007FFF             35A4
        RAM              0000FF-0000FF                1
                         0001B3-0005FF              100
        SFR              000F80-000FFF               80
        SMALLCONST       004A5C-007FFF              100

                                  Symbol Table

?___awdiv                  cstackCOMRAM 000032
?___awmod                  cstackCOMRAM 000032
?___fladd                  cstackBANK0  000080
?___fldiv                  cstackBANK0  000080
?___flmul                  cstackBANK0  00008A
?___flneg                  cstackCOMRAM 000032
?___flsub                  cstackBANK0  0000A3
?___fltol                  cstackCOMRAM 000032
?___fpclassifyf            cstackCOMRAM 000032
?___wmul                   cstackCOMRAM 000032
?___xxtofl                 cstackCOMRAM 000032
?_atoi                     cstackBANK0  000081
?_efgtoa                   cstackBANK0  0000AF
?_floorf                   cstackBANK0  000095
?_isdigit                  cstackCOMRAM 000032
?_isspace                  cstackCOMRAM 000032
?_isupper                  cstackCOMRAM 000032
?_pad                      cstackBANK0  00008C
?_sprintf                  cstackBANK1  00019E
?_strlen                   cstackCOMRAM 000032
?_strncmp                  cstackCOMRAM 000032
?_tolower                  cstackBANK0  000080
?_vfpfcnvrt                cstackBANK0  0000ED
?_vfprintf                 cstackBANK1  000198
?i2___fldiv                cstackCOMRAM 000001
?i2___flmul                cstackCOMRAM 00000F
?i2___xxtofl               cstackCOMRAM 000001
_ADCON0                    (abs)        000FC2
_ADCON0bits                (abs)        000FC2
_ADCON1                    (abs)        000FC1
_ADCON2                    (abs)        000FC0
_ADRESH                    (abs)        000FC4
_ADRESL                    (abs)        000FC3
_BufferLevel               bssBANK1     000150
_BufferVoltage             bssBANK1     000170
_INTCON                    (abs)        000FF2
_INTCON2                   (abs)        000FF1
_INTCONbits                (abs)        000FF2
_Lcd_Print                 text11       004532
_Level_AN0                 bssBANK0     0000F9
_Level_Loop                bssCOMRAM    00004A
_OSCCON                    (abs)        000FD3
_OSCTUNE                   (abs)        000F9B
_PORTCbits                 (abs)        000F82
_PORTD                     (abs)        000F83
_PORTDbits                 (abs)        000F83
_PORTEbits                 (abs)        000F84
_TRISB                     (abs)        000F93
_TRISC                     (abs)        000F94
_TRISD                     (abs)        000F95
_TRISEbits                 (abs)        000F96
_VdigADC_AN0               bssCOMRAM    00004C
_Voltage_AN0               bssCOMRAM    000040
__HRAM                     (abs)        000000
__Habs1                    abs1         000000
__Hbank0                   bank0        000000
__Hbank1                   bank1        000000
__Hbank2                   bank2        000000
__Hbank3                   bank3        000000
__Hbank4                   bank4        000000
__Hbank5                   bank5        000000
__Hbigbss                  bigbss       000000
__Hbigdata                 bigdata      000000
__Hbigram                  bigram       000000
__Hbigsfr                  bigsfr       000000
__Hbss                     bss          000000
__HbssBANK0                bssBANK0     000000
__HbssBANK1                bssBANK1     000000
__HbssCOMRAM               bssCOMRAM    000000
__Hcinit                   cinit        000000
__Hclrtext                 clrtext      000000
__Hcomram                  comram       000000
__Hconfig                  config       30000E
__Hconst                   const        000000
__HcstackBANK0             cstackBANK0  000000
__HcstackBANK1             cstackBANK1  000000
__HcstackCOMRAM            cstackCOMRAM 000000
__Hdata                    data         000000
__Heeprom_data             eeprom_data  000000
__Hfarbss                  farbss       000000
__Hfardata                 fardata      000000
__Hheap                    heap         000000
__Hibigdata                ibigdata     000000
__Hidata                   idata        000000
__Hidloc                   idloc        200008
__Hifardata                ifardata     000000
__Hinit                    init         000012
__Hintcode                 intcode      00000E
__Hintcode_body            intcode_body 000000
__Hintcodelo               intcodelo    00000E
__Hintentry                intentry     000000
__Hintret                  intret       000000
__Hintsave_regs            intsave_regs 000000
__Hirdata                  irdata       000000
__Hmediumconst             mediumconst  000000
__HnvFARRAM                nvFARRAM     000000
__Hnvbit                   nvbit        000000
__Hnvrram                  nvrram       000000
__Hparam                   rparam       000000
__Hpowerup                 powerup      00000E
__Hram                     ram          000000
__Hramtop                  ramtop       000600
__Hrbit                    rbit         000000
__Hrbss                    rbss         000000
__Hrdata                   rdata        000000
__Hreset_vec               reset_vec    000004
__Hrparam                  rparam       000000
__Hsfr                     sfr          000000
__Hsmallconst              smallconst   000668
__Hspace_0                 (abs)        004A5C
__Hspace_1                 (abs)        0001B3
__Hspace_2                 (abs)        000000
__Hspace_4                 (abs)        60000E
__Hstack                   stack        000000
__Hstruct                  struct       000000
__Htemp                    temp         00004F
__Htext                    text         000000
__Htext0                   text0        000000
__Htext1                   text1        000000
__Htext10                  text10       000000
__Htext11                  text11       000000
__Htext12                  text12       000000
__Htext13                  text13       000000
__Htext14                  text14       000000
__Htext15                  text15       000000
__Htext16                  text16       000000
__Htext17                  text17       000000
__Htext18                  text18       000000
__Htext19                  text19       000000
__Htext2                   text2        000000
__Htext20                  text20       000000
__Htext21                  text21       000000
__Htext22                  text22       000000
__Htext23                  text23       000000
__Htext24                  text24       000000
__Htext25                  text25       000000
__Htext26                  text26       000000
__Htext27                  text27       000000
__Htext28                  text28       000000
__Htext29                  text29       000000
__Htext3                   text3        000000
__Htext30                  text30       000000
__Htext31                  text31       000000
__Htext32                  text32       000000
__Htext33                  text33       000000
__Htext34                  text34       000000
__Htext35                  text35       000000
__Htext36                  text36       000000
__Htext37                  text37       000000
__Htext38                  text38       000000
__Htext39                  text39       000000
__Htext4                   text4        000000
__Htext40                  text40       000000
__Htext41                  text41       000000
__Htext42                  text42       000000
__Htext43                  text43       000000
__Htext44                  text44       000000
__Htext46                  text46       000000
__Htext47                  text47       000000
__Htext48                  text48       000000
__Htext49                  text49       000000
__Htext5                   text5        000000
__Htext50                  text50       000000
__Htext51                  text51       000000
__Htext52                  text52       000000
__Htext53                  text53       000000
__Htext54                  text54       000000
__Htext55                  text55       000000
__Htext6                   text6        000000
__Htext7                   text7        000000
__Htext8                   text8        000000
__Htext9                   text9        000000
__LRAM                     (abs)        000001
__Labs1                    abs1         000000
__Lbank0                   bank0        000000
__Lbank1                   bank1        000000
__Lbank2                   bank2        000000
__Lbank3                   bank3        000000
__Lbank4                   bank4        000000
__Lbank5                   bank5        000000
__Lbigbss                  bigbss       000000
__Lbigdata                 bigdata      000000
__Lbigram                  bigram       000000
__Lbigsfr                  bigsfr       000000
__Lbss                     bss          000000
__LbssBANK0                bssBANK0     000000
__LbssBANK1                bssBANK1     000000
__LbssCOMRAM               bssCOMRAM    000000
__Lcinit                   cinit        000000
__Lclrtext                 clrtext      000000
__Lcomram                  comram       000000
__Lconfig                  config       000000
__Lconst                   const        000000
__LcstackBANK0             cstackBANK0  000000
__LcstackBANK1             cstackBANK1  000000
__LcstackCOMRAM            cstackCOMRAM 000000
__Ldata                    data         000000
__Leeprom_data             eeprom_data  000000
__Lfarbss                  farbss       000000
__Lfardata                 fardata      000000
__Lheap                    heap         000000
__Libigdata                ibigdata     000000
__Lidata                   idata        000000
__Lidloc                   idloc        000000
__Lifardata                ifardata     000000
__Linit                    init         00000E
__Lintcode                 intcode      000008
__Lintcode_body            intcode_body 000000
__Lintcodelo               intcodelo    00000E
__Lintentry                intentry     000000
__Lintret                  intret       000000
__Lintsave_regs            intsave_regs 000000
__Lirdata                  irdata       000000
__Lmediumconst             mediumconst  000000
__LnvFARRAM                nvFARRAM     000000
__Lnvbit                   nvbit        000000
__Lnvrram                  nvrram       000000
__Lparam                   rparam       000000
__Lpowerup                 powerup      00000E
__Lram                     ram          000000
__Lramtop                  ramtop       000600
__Lrbit                    rbit         000000
__Lrbss                    rbss         000000
__Lrdata                   rdata        000000
__Lreset_vec               reset_vec    000000
__Lrparam                  rparam       000000
__Lsfr                     sfr          000000
__Lsmallconst              smallconst   000600
__Lspace_0                 (abs)        000000
__Lspace_1                 (abs)        000000
__Lspace_2                 (abs)        000000
__Lspace_4                 (abs)        000000
__Lstack                   stack        000000
__Lstruct                  struct       000000
__Ltemp                    temp         00004E
__Ltext                    text         000000
__Ltext0                   text0        000000
__Ltext1                   text1        000000
__Ltext10                  text10       000000
__Ltext11                  text11       000000
__Ltext12                  text12       000000
__Ltext13                  text13       000000
__Ltext14                  text14       000000
__Ltext15                  text15       000000
__Ltext16                  text16       000000
__Ltext17                  text17       000000
__Ltext18                  text18       000000
__Ltext19                  text19       000000
__Ltext2                   text2        000000
__Ltext20                  text20       000000
__Ltext21                  text21       000000
__Ltext22                  text22       000000
__Ltext23                  text23       000000
__Ltext24                  text24       000000
__Ltext25                  text25       000000
__Ltext26                  text26       000000
__Ltext27                  text27       000000
__Ltext28                  text28       000000
__Ltext29                  text29       000000
__Ltext3                   text3        000000
__Ltext30                  text30       000000
__Ltext31                  text31       000000
__Ltext32                  text32       000000
__Ltext33                  text33       000000
__Ltext34                  text34       000000
__Ltext35                  text35       000000
__Ltext36                  text36       000000
__Ltext37                  text37       000000
__Ltext38                  text38       000000
__Ltext39                  text39       000000
__Ltext4                   text4        000000
__Ltext40                  text40       000000
__Ltext41                  text41       000000
__Ltext42                  text42       000000
__Ltext43                  text43       000000
__Ltext44                  text44       000000
__Ltext46                  text46       000000
__Ltext47                  text47       000000
__Ltext48                  text48       000000
__Ltext49                  text49       000000
__Ltext5                   text5        000000
__Ltext50                  text50       000000
__Ltext51                  text51       000000
__Ltext52                  text52       000000
__Ltext53                  text53       000000
__Ltext54                  text54       000000
__Ltext55                  text55       000000
__Ltext6                   text6        000000
__Ltext7                   text7        000000
__Ltext8                   text8        000000
__Ltext9                   text9        000000
__S0                       (abs)        004A5C
__S1                       (abs)        0001B3
__S4                       (abs)        000000
__S5                       (abs)        000000
___awdiv                   text36       004030
___awdiv@counter           cstackBANK0  000080
___awdiv@dividend          cstackCOMRAM 000032
___awdiv@divisor           cstackCOMRAM 000034
___awdiv@quotient          cstackBANK0  000082
___awdiv@sign              cstackBANK0  000081
___awmod                   text35       0040F6
___awmod@counter           cstackCOMRAM 000036
___awmod@dividend          cstackCOMRAM 000032
___awmod@divisor           cstackCOMRAM 000034
___awmod@sign              cstackCOMRAM 000037
___fladd                   text29       001280
___fladd@a                 cstackBANK0  000084
___fladd@aexp              cstackBANK0  000089
___fladd@b                 cstackBANK0  000080
___fladd@bexp              cstackBANK0  00008A
___fladd@grs               cstackBANK0  00008B
___fladd@signs             cstackBANK0  000088
___fldiv                   text34       0023DC
___fldiv@a                 cstackBANK0  000084
___fldiv@aexp              cstackBANK0  000094
___fldiv@b                 cstackBANK0  000080
___fldiv@bexp              cstackBANK0  000093
___fldiv@grs               cstackBANK0  00008F
___fldiv@new_exp           cstackBANK0  00008D
___fldiv@rem               cstackBANK0  000088
___fldiv@sign              cstackBANK0  00008C
___fleq                    text33       0041A6
___fleq@ff1                cstackBANK0  000080
___fleq@ff2                cstackBANK0  000084
___flge                    text32       0037F4
___flge@ff1                cstackBANK0  0000A3
___flge@ff2                cstackBANK0  0000A7
___flmul                   text31       001B86
___flmul@a                 cstackBANK0  00008E
___flmul@aexp              cstackBANK0  000097
___flmul@b                 cstackBANK0  00008A
___flmul@bexp              cstackBANK0  00009C
___flmul@grs               cstackBANK0  000098
___flmul@prod              cstackBANK0  00009D
___flmul@sign              cstackBANK0  000096
___flmul@temp              cstackBANK0  0000A1
___flneg                   text30       00481E
___flneg@f1                cstackCOMRAM 000032
___flsub                   text28       00479E
___flsub@a                 cstackBANK0  0000A7
___flsub@b                 cstackBANK0  0000A3
___fltol                   text27       0036EC
___fltol@exp1              cstackCOMRAM 000037
___fltol@f1                cstackCOMRAM 000032
___fltol@sign1             cstackCOMRAM 000036
___fpclassifyf             text26       0039FE
___fpclassifyf@F465        bssCOMRAM    00003C
___fpclassifyf@e           cstackBANK0  000084
___fpclassifyf@u           cstackBANK0  000086
___fpclassifyf@x           cstackCOMRAM 000032
___heap_hi                 (abs)        000000
___heap_lo                 (abs)        000000
___inthi_sp                stack        000000
___intlo_sp                stack        000000
___param_bank              (abs)        000000
___rparam_used             (abs)        000001
___sp                      stack        000000
___wmul                    text40       00498C
___wmul@multiplicand       cstackCOMRAM 000034
___wmul@multiplier         cstackCOMRAM 000032
___wmul@product            cstackCOMRAM 000036
___xxtofl                  text3        003226
___xxtofl@arg              cstackBANK0  000086
___xxtofl@exp              cstackBANK0  000085
___xxtofl@sign             cstackBANK0  000084
___xxtofl@val              cstackCOMRAM 000032
__accesstop                (abs)        000080
__activetblptr             (abs)        000002
__end_of_Lcd_Print         text11       0045A8
__end_of___awdiv           text36       0040F6
__end_of___awmod           text35       0041A6
__end_of___fladd           text29       001742
__end_of___fldiv           text34       002778
__end_of___fleq            text33       004252
__end_of___flge            text32       0038FA
__end_of___flmul           text31       001FB2
__end_of___flneg           text30       004856
__end_of___flsub           text28       0047E6
__end_of___fltol           text27       0037F4
__end_of___fpclassifyf     text26       003AFE
__end_of___wmul            text40       0049B2
__end_of___xxtofl          text3        0033DE
__end_of__initialization   cinit        0048EA
__end_of_atoi              text37       0036EC
__end_of_config_ADC        text10       004A3C
__end_of_config_FOSC       text9        004A5A
__end_of_config_HighLevel  intcode_body 003BF8
__end_of_config_IO         text8        004A50
__end_of_config_Interrupt  text7        004A46
__end_of_control_HIGH      text6        002DA0
__end_of_control_LOW       text5        003010
__end_of_conv_AN0          text4        00492A
__end_of_efgtoa            text16       001280
__end_of_equation_SENSOR   text2        0044B6
__end_of_floorf            text25       003226
__end_of_fputc             text23       003F68
__end_of_fputs             text22       00479E
__end_of_isdigit           text39       00488E
__end_of_isspace           text38       0046BC
__end_of_isupper           text18       00481E
__end_of_lcd_cmd           text43       003CDC
__end_of_lcd_init          text1        004436
__end_of_lcd_send_byte     text42       004A10
__end_of_lcd_write         text41       0042F8
__end_of_main              text0        00498C
__end_of_pad               text20       004030
__end_of_putch             text24       004A5C
__end_of_set_bit           text44       0049D2
__end_of_sprintf           text12       00470E
__end_of_strcpy            text19       004668
__end_of_strlen            text21       0048C4
__end_of_strncmp           text15       003E9A
__end_of_tolower           text17       004756
__end_of_vfpfcnvrt         text14       001B86
__end_of_vfprintf          text13       00460A
__end_ofi2___fldiv         text53       002B12
__end_ofi2___flge          text55       0039FE
__end_ofi2___flmul         text52       0023DC
__end_ofi2___xxtofl        text51       003592
__end_ofi2_conv_AN0        text54       00495C
__end_ofi2_equation_SENSOR text50       004532
__end_ofi2_lcd_cmd         text48       003DC0
__end_ofi2_lcd_send_byte   text47       004A2E
__end_ofi2_lcd_write       text46       004398
__end_ofi2_set_bit         text49       0049F2
__initialization           cinit        0048C4
__mediumconst              mediumconst  000000
__pbssBANK0                bssBANK0     0000F9
__pbssBANK1                bssBANK1     000100
__pbssCOMRAM               bssCOMRAM    000038
__pcinit                   cinit        0048C4
__pcstackBANK0             cstackBANK0  000080
__pcstackBANK1             cstackBANK1  000190
__pcstackCOMRAM            cstackCOMRAM 000001
__pintcode                 intcode      000008
__pintcode_body            intcode_body 003AFE
__psmallconst              smallconst   000600
__ptext0                   text0        00495C
__ptext1                   text1        004398
__ptext10                  text10       004A2E
__ptext11                  text11       004532
__ptext12                  text12       0046BC
__ptext13                  text13       0045A8
__ptext14                  text14       001742
__ptext15                  text15       003DC0
__ptext16                  text16       000668
__ptext17                  text17       00470E
__ptext18                  text18       0047E6
__ptext19                  text19       00460A
__ptext2                   text2        004436
__ptext20                  text20       003F68
__ptext21                  text21       00488E
__ptext22                  text22       004756
__ptext23                  text23       003E9A
__ptext24                  text24       004A5A
__ptext25                  text25       003010
__ptext26                  text26       0039FE
__ptext27                  text27       0036EC
__ptext28                  text28       00479E
__ptext29                  text29       001280
__ptext3                   text3        003226
__ptext30                  text30       00481E
__ptext31                  text31       001B86
__ptext32                  text32       0037F4
__ptext33                  text33       0041A6
__ptext34                  text34       0023DC
__ptext35                  text35       0040F6
__ptext36                  text36       004030
__ptext37                  text37       003592
__ptext38                  text38       004668
__ptext39                  text39       004856
__ptext4                   text4        0048F8
__ptext40                  text40       00498C
__ptext41                  text41       004252
__ptext42                  text42       0049F2
__ptext43                  text43       003BF8
__ptext44                  text44       0049B2
__ptext46                  text46       0042F8
__ptext47                  text47       004A10
__ptext48                  text48       003CDC
__ptext49                  text49       0049D2
__ptext5                   text5        002DA0
__ptext50                  text50       0044B6
__ptext51                  text51       0033DE
__ptext52                  text52       001FB2
__ptext53                  text53       002778
__ptext54                  text54       00492A
__ptext55                  text55       0038FA
__ptext6                   text6        002B12
__ptext7                   text7        004A3C
__ptext8                   text8        004A46
__ptext9                   text9        004A50
__ramtop                   ramtop       000600
__smallconst               smallconst   000600
_atoi                      text37       003592
_config_ADC                text10       004A2E
_config_FOSC               text9        004A50
_config_HighLevel          intcode      000008
_config_IO                 text8        004A46
_config_Interrupt          text7        004A3C
_control_HIGH              text6        002B12
_control_LOW               text5        002DA0
_conv_AN0                  text4        0048F8
_dbuf                      bssBANK1     000100
_efgtoa                    text16       000668
_efgtoa$1117               cstackBANK0  0000BB
_efgtoa$1125               cstackBANK0  0000BD
_efgtoa$1126               cstackBANK0  0000BF
_equation_SENSOR           text2        004436
_flags                     bssCOMRAM    000048
_floorf                    text25       003010
_fputc                     text23       003E9A
_fputs                     text22       004756
_isdigit                   text39       004856
_isspace                   text38       004668
_isspace$1204              cstackBANK0  000080
_isupper                   text18       0047E6
_lcd_cmd                   text43       003BF8
_lcd_init                  text1        004398
_lcd_send_byte             text42       0049F2
_lcd_write                 text41       004252
_main                      text0        00495C
_nout                      bssCOMRAM    000044
_pad                       text20       003F68
_prec                      bssBANK0     0000FD
_putch                     text24       004A5A
_set_bit                   text44       0049B2
_sprintf                   text12       0046BC
_strcpy                    text19       00460A
_strlen                    text21       00488E
_strncmp                   text15       003DC0
_tolower                   text17       00470E
_vfpfcnvrt                 text14       001742
_vfprintf                  text13       0045A8
_width                     bssCOMRAM    000046
atoi@n                     cstackBANK0  000089
atoi@neg                   cstackBANK0  000087
atoi@s                     cstackBANK0  000081
btemp                      temp         00004E
efgtoa@c                   cstackBANK0  0000B5
efgtoa@d                   cstackBANK0  0000CD
efgtoa@e                   cstackBANK0  0000E5
efgtoa@f                   cstackBANK0  0000B1
efgtoa@fp                  cstackBANK0  0000AF
efgtoa@g                   cstackBANK0  0000E1
efgtoa@h                   cstackBANK0  0000D7
efgtoa@i                   cstackBANK0  0000DF
efgtoa@l                   cstackBANK0  0000DB
efgtoa@m                   cstackBANK0  0000C7
efgtoa@mode                cstackBANK0  0000D6
efgtoa@n                   cstackBANK0  0000E7
efgtoa@ne                  cstackBANK0  0000C5
efgtoa@nmode               cstackBANK0  0000D5
efgtoa@ou                  cstackBANK0  0000C9
efgtoa@p                   cstackBANK0  0000D1
efgtoa@pp                  cstackBANK0  0000C3
efgtoa@sign                cstackBANK0  0000CF
efgtoa@t                   cstackBANK0  0000C1
efgtoa@u                   cstackBANK0  0000E9
efgtoa@w                   cstackBANK0  0000D3
end_of_initialization      cinit        0048EA
floorf@F526                bssCOMRAM    000038
floorf@e                   cstackBANK0  0000A3
floorf@m                   cstackBANK0  00009F
floorf@u                   cstackBANK0  0000A5
floorf@x                   cstackBANK0  000095
fputc@c                    cstackCOMRAM 000032
fputc@fp                   cstackCOMRAM 000034
fputs@c                    cstackBANK0  000089
fputs@fp                   cstackBANK0  000087
fputs@i                    cstackBANK0  00008A
fputs@s                    cstackBANK0  000085
i2___fldiv                 text53       002778
i2___fldiv@a               cstackCOMRAM 000005
i2___fldiv@aexp            cstackCOMRAM 000019
i2___fldiv@b               cstackCOMRAM 000001
i2___fldiv@bexp            cstackCOMRAM 000018
i2___fldiv@grs             cstackCOMRAM 000014
i2___fldiv@new_exp         cstackCOMRAM 000012
i2___fldiv@rem             cstackCOMRAM 00000D
i2___fldiv@sign            cstackCOMRAM 000011
i2___flge                  text55       0038FA
i2___flge@ff1              cstackCOMRAM 000001
i2___flge@ff2              cstackCOMRAM 000005
i2___flmul                 text52       001FB2
i2___flmul@a               cstackCOMRAM 000013
i2___flmul@aexp            cstackCOMRAM 000020
i2___flmul@b               cstackCOMRAM 00000F
i2___flmul@bexp            cstackCOMRAM 000021
i2___flmul@grs             cstackCOMRAM 00001C
i2___flmul@prod            cstackCOMRAM 000022
i2___flmul@sign            cstackCOMRAM 00001B
i2___flmul@temp            cstackCOMRAM 000026
i2___xxtofl                text51       0033DE
i2___xxtofl@arg            cstackCOMRAM 00000B
i2___xxtofl@exp            cstackCOMRAM 00000A
i2___xxtofl@sign           cstackCOMRAM 000009
i2___xxtofl@val            cstackCOMRAM 000001
i2_conv_AN0                text54       00492A
i2_equation_SENSOR         text50       0044B6
i2_lcd_cmd                 text48       003CDC
i2_lcd_send_byte           text47       004A10
i2_lcd_write               text46       0042F8
i2_set_bit                 text49       0049D2
i2lcd_cmd@cmd              cstackCOMRAM 000004
i2lcd_send_byte@data       cstackCOMRAM 000005
i2lcd_send_byte@level      cstackCOMRAM 000006
i2lcd_write@col            cstackCOMRAM 000007
i2lcd_write@end            cstackCOMRAM 00000A
i2lcd_write@lin            cstackCOMRAM 00000B
i2lcd_write@str            cstackCOMRAM 000008
i2set_bit@cmd              cstackCOMRAM 000002
i2set_bit@comp             cstackCOMRAM 000001
int$flags                  temp         00004E
int_func                   intcode_body 003AFE
intlevel0                  text         000000
intlevel1                  text         000000
intlevel2                  text         000000
intlevel3                  text         000000
isa$std                    (abs)        000001
isa$xinst                  (abs)        000000
isdigit@c                  cstackCOMRAM 000032
isspace@c                  cstackCOMRAM 000032
isupper@c                  cstackCOMRAM 000032
lcd_cmd@cmd                cstackCOMRAM 000035
lcd_init@i                 cstackCOMRAM 000037
lcd_send_byte@data         cstackCOMRAM 000036
lcd_send_byte@level        cstackCOMRAM 000037
lcd_write@col              cstackBANK0  000080
lcd_write@end              cstackBANK0  000083
lcd_write@lin              cstackBANK0  000084
lcd_write@str              cstackBANK0  000081
pad@buf                    cstackBANK0  00008E
pad@fp                     cstackBANK0  00008C
pad@i                      cstackBANK0  000092
pad@p                      cstackBANK0  000090
pad@w                      cstackBANK0  000094
set_bit@cmd                cstackCOMRAM 000033
set_bit@comp               cstackCOMRAM 000032
sprintf@ap                 cstackBANK1  0001A6
sprintf@f                  cstackBANK1  0001A8
sprintf@fmt                cstackBANK1  0001A0
sprintf@s                  cstackBANK1  00019E
stackhi                    (abs)        000000
stacklo                    (abs)        000000
start                      init         00000E
start_initialization       cinit        0048C4
strcpy@d                   cstackBANK0  000082
strcpy@dest                cstackCOMRAM 000032
strcpy@s                   cstackBANK0  000080
strcpy@src                 cstackCOMRAM 000034
strlen@a                   cstackCOMRAM 000034
strlen@s                   cstackCOMRAM 000032
strncmp@_l                 cstackCOMRAM 000032
strncmp@_r                 cstackCOMRAM 000034
strncmp@l                  cstackBANK0  000081
strncmp@n                  cstackCOMRAM 000036
strncmp@r                  cstackBANK0  000083
tolower@c                  cstackBANK0  000080
ttemp5                     temp         00004F
ttemp6                     temp         000052
ttemp7                     temp         000056
vfpfcnvrt@ap               cstackBANK0  0000F1
vfpfcnvrt@c                cstackBANK1  000197
vfpfcnvrt@ct               cstackBANK1  000194
vfpfcnvrt@f                cstackBANK1  000190
vfpfcnvrt@fmt              cstackBANK0  0000EF
vfpfcnvrt@fp               cstackBANK0  0000ED
vfprintf@ap                cstackBANK1  00019C
vfprintf@cfmt              cstackBANK0  0000F7
vfprintf@fmt               cstackBANK1  00019A
vfprintf@fp                cstackBANK1  000198
wtemp8                     temp         00004F


MODULE INFORMATION

Module		Function		Class		Link	Load	Size
C:\Program Files\Microchip\xc8\v2.36\pic\sources\c99\common\putch.c
		_putch         		CODE           	4A5A	0000	2

C:\Program Files\Microchip\xc8\v2.36\pic\sources\c99\common\putch.c estimated size: 2

C:\Program Files\Microchip\xc8\v2.36\pic\sources\c99\common\nf_fputs.c
		_fputs         		CODE           	4756	0000	72

C:\Program Files\Microchip\xc8\v2.36\pic\sources\c99\common\nf_fputs.c estimated size: 72

C:\Program Files\Microchip\xc8\v2.36\pic\sources\c99\common\strncmp.c
		_strncmp       		CODE           	3DC0	0000	218

C:\Program Files\Microchip\xc8\v2.36\pic\sources\c99\common\strncmp.c estimated size: 218

C:\Program Files\Microchip\xc8\v2.36\pic\sources\c99\common\tolower.c
		_tolower       		CODE           	470E	0000	72

C:\Program Files\Microchip\xc8\v2.36\pic\sources\c99\common\tolower.c estimated size: 72

C:\Program Files\Microchip\xc8\v2.36\pic\sources\c99\common\__fpclassifyf.c
		___fpclassifyf 		CODE           	39FE	0000	256

C:\Program Files\Microchip\xc8\v2.36\pic\sources\c99\common\__fpclassifyf.c estimated size: 256

C:\Program Files\Microchip\xc8\v2.36\pic\sources\c99\common\sprcmul.c
		___flmul       		CODE           	1B86	0000	1068

C:\Program Files\Microchip\xc8\v2.36\pic\sources\c99\common\sprcmul.c estimated size: 1068

C:\Program Files\Microchip\xc8\v2.36\pic\sources\c99\common\floorf.c
		_floorf        		CODE           	3010	0000	534

C:\Program Files\Microchip\xc8\v2.36\pic\sources\c99\common\floorf.c estimated size: 534

C:\Program Files\Microchip\xc8\v2.36\pic\sources\c99\common\sprcdiv.c
		___fldiv       		CODE           	23DC	0000	924

C:\Program Files\Microchip\xc8\v2.36\pic\sources\c99\common\sprcdiv.c estimated size: 924

C:\Program Files\Microchip\xc8\v2.36\pic\sources\c99\common\atoi.c
		_atoi          		CODE           	3592	0000	346

C:\Program Files\Microchip\xc8\v2.36\pic\sources\c99\common\atoi.c estimated size: 346

C:\Program Files\Microchip\xc8\v2.36\pic\sources\c99\common\fleq.c
		___fleq        		CODE           	41A6	0000	172

C:\Program Files\Microchip\xc8\v2.36\pic\sources\c99\common\fleq.c estimated size: 172

C:\Program Files\Microchip\xc8\v2.36\pic\sources\c99\common\awmod.c
		___awmod       		CODE           	40F6	0000	176

C:\Program Files\Microchip\xc8\v2.36\pic\sources\c99\common\awmod.c estimated size: 176

C:\Program Files\Microchip\xc8\v2.36\pic\sources\c99\common\nf_sprintf.c
		_sprintf       		CODE           	46BC	0000	82

C:\Program Files\Microchip\xc8\v2.36\pic\sources\c99\common\nf_sprintf.c estimated size: 82

C:\Program Files\Microchip\xc8\v2.36\pic\sources\c99\common\isspace.c
		_isspace       		CODE           	4668	0000	84

C:\Program Files\Microchip\xc8\v2.36\pic\sources\c99\common\isspace.c estimated size: 84

LCD4b_EXSTO.c
		_lcd_cmd       		CODE           	3BF8	0000	228
		_lcd_send_byte 		CODE           	49F2	0000	30
		_set_bit       		CODE           	49B2	0000	32
		_lcd_write     		CODE           	4252	0000	166
		_lcd_init      		CODE           	4398	0000	158

LCD4b_EXSTO.c estimated size: 614

C:\Program Files\Microchip\xc8\v2.36\pic\sources\c99\common\xxtofl.c
		___xxtofl      		CODE           	3226	0000	440

C:\Program Files\Microchip\xc8\v2.36\pic\sources\c99\common\xxtofl.c estimated size: 440

C:\Program Files\Microchip\xc8\v2.36\pic\sources\c99\common\strlen.c
		_strlen        		CODE           	488E	0000	54

C:\Program Files\Microchip\xc8\v2.36\pic\sources\c99\common\strlen.c estimated size: 54

C:\Program Files\Microchip\xc8\v2.36\pic\sources\c99\common\strcpy.c
		_strcpy        		CODE           	460A	0000	94

C:\Program Files\Microchip\xc8\v2.36\pic\sources\c99\common\strcpy.c estimated size: 94

C:\Program Files\Microchip\xc8\v2.36\pic\sources\c99\common\nf_fputc.c
		_fputc         		CODE           	3E9A	0000	206

C:\Program Files\Microchip\xc8\v2.36\pic\sources\c99\common\nf_fputc.c estimated size: 206

C:\Program Files\Microchip\xc8\v2.36\pic\sources\c99\common\isdigit.c
		_isdigit       		CODE           	4856	0000	56

C:\Program Files\Microchip\xc8\v2.36\pic\sources\c99\common\isdigit.c estimated size: 56

C:\Program Files\Microchip\xc8\v2.36\pic\sources\c99\common\sprcadd.c
		___flsub       		CODE           	479E	0000	72
		___fladd       		CODE           	1280	0000	1218

C:\Program Files\Microchip\xc8\v2.36\pic\sources\c99\common\sprcadd.c estimated size: 1290

C:\Program Files\Microchip\xc8\v2.36\pic\sources\c99\common\awdiv.c
		___awdiv       		CODE           	4030	0000	198

C:\Program Files\Microchip\xc8\v2.36\pic\sources\c99\common\awdiv.c estimated size: 198

C:\Program Files\Microchip\xc8\v2.36\pic\sources\c99\common\doprnt.c
		_vfpfcnvrt     		CODE           	1742	0000	1092
		_efgtoa        		CODE           	0668	0000	3096
		_pad           		CODE           	3F68	0000	200
		_vfprintf      		CODE           	45A8	0000	98

C:\Program Files\Microchip\xc8\v2.36\pic\sources\c99\common\doprnt.c estimated size: 4486

C:\Program Files\Microchip\xc8\v2.36\pic\sources\c99\common\fltol.c
		___fltol       		CODE           	36EC	0000	264

C:\Program Files\Microchip\xc8\v2.36\pic\sources\c99\common\fltol.c estimated size: 264

shared
		i2_conv_AN0    		CODE           	492A	0000	50
		i2_set_bit     		CODE           	49D2	0000	32
		i2_lcd_send_byte		CODE           	4A10	0000	30
		i2___fldiv     		CODE           	2778	0000	922
		__initialization		CODE           	48C4	0000	38
		i2___flge      		CODE           	38FA	0000	260
		i2_lcd_write   		CODE           	42F8	0000	160
		i2___flmul     		CODE           	1FB2	0000	1066
		i2___xxtofl    		CODE           	33DE	0000	436
		i2_equation_SENSOR		CODE           	44B6	0000	124
		i2_lcd_cmd     		CODE           	3CDC	0000	228

shared estimated size: 3346

C:\Program Files\Microchip\xc8\v2.36\pic\sources\c99\common\flge.c
		___flge        		CODE           	37F4	0000	262

C:\Program Files\Microchip\xc8\v2.36\pic\sources\c99\common\flge.c estimated size: 262

Program_Interrupt_Level.c
		_config_HighLevel		CODE           	0008	0000	256
		_config_Interrupt		CODE           	4A3C	0000	10
		_main          		CODE           	495C	0000	48
		_control_LOW   		CODE           	2DA0	0000	624
		_control_HIGH  		CODE           	2B12	0000	654
		_Lcd_Print     		CODE           	4532	0000	118
		_conv_AN0      		CODE           	48F8	0000	50
		_equation_SENSOR		CODE           	4436	0000	128
		_config_IO     		CODE           	4A46	0000	10
		_config_ADC    		CODE           	4A2E	0000	14
		_config_FOSC   		CODE           	4A50	0000	10

Program_Interrupt_Level.c estimated size: 1922

C:\Program Files\Microchip\xc8\v2.36\pic\sources\c99\common\Umul16.c
		___wmul        		CODE           	498C	0000	38

C:\Program Files\Microchip\xc8\v2.36\pic\sources\c99\common\Umul16.c estimated size: 38

C:\Program Files\Microchip\xc8\v2.36\pic\sources\c99\common\flneg.c
		___flneg       		CODE           	481E	0000	56

C:\Program Files\Microchip\xc8\v2.36\pic\sources\c99\common\flneg.c estimated size: 56

C:\Program Files\Microchip\xc8\v2.36\pic\sources\c99\common\isupper.c
		_isupper       		CODE           	47E6	0000	56

C:\Program Files\Microchip\xc8\v2.36\pic\sources\c99\common\isupper.c estimated size: 56

