Microchip MPLAB XC8 Compiler V2.40

Linker command line:

-W-3 \
  --edf=C:/Users/profb/.mchp_packs/Microchip/PIC18Fxxxx_DFP/1.4.151/xc8\pic\dat\20230323171731_en.msgs \
  -cn -h+dist/default/production\Ext_Double_Interrupt.X.production.sym \
  --cmf=dist/default/production\Ext_Double_Interrupt.X.production.cmf -z \
  -Q18F4520 -oC:\Users\profb\AppData\Local\Temp\xcAsmb8.4 \
  --defsym=__MPLAB_BUILD=1 --fixupoverflow=error \
  -Mdist/default/production/Ext_Double_Interrupt.X.production.map \
  --md=C:\Users\profb\AppData\Local\Temp\xcAsmb8.dat -E1 -ver=XC8 Compiler \
  --acfsm=1493 -ACODE=00h-07FFFh -ACONST=00h-07FFFh \
  -ASMALLCONST=0600h-06FFhx122 -AMEDIUMCONST=0600h-07FFFh -ACOMRAM=01h-07Fh \
  -AABS1=00h-05FFh -ABIGRAM=01h-05FFh -ARAM=080h-0FFh,0100h-01FFhx5 \
  -ABANK0=080h-0FFh -ABANK1=0100h-01FFh -ABANK2=0200h-02FFh \
  -ABANK3=0300h-03FFh -ABANK4=0400h-04FFh -ABANK5=0500h-05FFh \
  -ASFR=0F80h-0FFFh -ABIGSFR=0F80h-0FFFh -ACONFIG=0300000h-030000Dh \
  -AIDLOC=0200000h-0200007h -AEEDATA=0F00000h-0F000FFh -peeprom_data=EEDATA \
  -preset_vec=00h,intcode=08h,intcodelo,powerup,init -pramtop=0600h \
  -psmallconst=SMALLCONST -pmediumconst=MEDIUMCONST -pconst=CONST \
  -AFARRAM=00h-00h \
  -prdata=COMRAM,nvrram=COMRAM,nvbit=COMRAM,rbss=COMRAM,rbit=COMRAM \
  -pfarbss=FARRAM,fardata=FARRAM,nvFARRAM=FARRAM \
  -pintsave_regs=BIGRAM,bigbss=BIGRAM,bigdata=BIGRAM -pbss=RAM \
  -pidata=CODE,irdata=CODE,ibigdata=CODE,ifardata=CODE -prparam=COMRAM \
  C:\Users\profb\AppData\Local\Temp\xcAsmb8.o \
  dist/default/production\Ext_Double_Interrupt.X.production.o 

Object code version is 3.11

Machine type is 18F4520



                Name                               Link     Load   Length Selector   Space Scale
C:\Users\profb\AppData\Local\Temp\xcAsmb8.o
                idloc                            200000   200000        8        0       5
                config                           300000   300000        E        0       4
                init                                  E        E        4        4       0
                reset_vec                             0        0        4        0       0
dist/default/production\Ext_Double_Interrupt.X.production.o
                intcode                               8        8        6        4       0
                idloc                            200000   200000        8        0       5
                config                           300000   300000        E        0       4
                temp                                 7A       7A        1        1       1
                smallconst                          600      600       2E      300       0
                intcode_body                        FB2      FB2      128      317       0
                text23                             1722     1722        E      317       0
                text22                             1730     1730        A      317       0
                text21                             170E     170E       14      317       0
                text20                             16D0     16D0       20      317       0
                text19                             10DA     10DA       E4      317       0
                text18                             13D2     13D2       9E      317       0
                text17                             16F0     16F0       1E      317       0
                text16                             1332     1332       A0      317       0
                text15                             16AA     16AA       26      317       0
                text14                             1658     1658       2C      317       0
                text13                             158E     158E       46      317       0
                text12                              E68      E68      14A      317       0
                text11                              B7C      B7C      188      317       0
                text10                              D04      D04      164      317       0
                text9                              1618     1618       40      317       0
                text8                              173A     173A        2      317       0
                text7                              11BE     11BE       CA      317       0
                text6                              15D4     15D4       44      317       0
                text5                              1288     1288       AA      317       0
                text4                               62E      62E      2B4      317       0
                text3                               8E2      8E2      29A      317       0
                text2                              1540     1540       4E      317       0
                text1                              14F2     14F2       4E      317       0
                text0                              1470     1470       82      317       0
                cstackCOMRAM                          1        1       72        1       1
                bssBANK0                             80       80       30       80       1
                bssCOMRAM                            73       73        7        1       1
                cinit                              1684     1684       26      317       0

TOTAL           Name                               Link     Load   Length     Space
        CLASS   CODE           
                intcode                               8        8        6         0
                init                                  E        E        4         0
                reset_vec                             0        0        4         0
                intcode_body                        FB2      FB2      128         0
                text23                             1722     1722        E         0
                text22                             1730     1730        A         0
                text21                             170E     170E       14         0
                text20                             16D0     16D0       20         0
                text19                             10DA     10DA       E4         0
                text18                             13D2     13D2       9E         0
                text17                             16F0     16F0       1E         0
                text16                             1332     1332       A0         0
                text15                             16AA     16AA       26         0
                text14                             1658     1658       2C         0
                text13                             158E     158E       46         0
                text12                              E68      E68      14A         0
                text11                              B7C      B7C      188         0
                text10                              D04      D04      164         0
                text9                              1618     1618       40         0
                text8                              173A     173A        2         0
                text7                              11BE     11BE       CA         0
                text6                              15D4     15D4       44         0
                text5                              1288     1288       AA         0
                text4                               62E      62E      2B4         0
                text3                               8E2      8E2      29A         0
                text2                              1540     1540       4E         0
                text1                              14F2     14F2       4E         0
                text0                              1470     1470       82         0
                cinit                              1684     1684       26         0

        CLASS   CONST          

        CLASS   SMALLCONST     
                smallconst                          600      600       2E         0

        CLASS   MEDIUMCONST    

        CLASS   COMRAM         
                temp                                 7A       7A        1         1
                cstackCOMRAM                          1        1       72         1
                bssCOMRAM                            73       73        7         1

        CLASS   ABS1           

        CLASS   BIGRAM         

        CLASS   RAM            

        CLASS   BANK0          
                bssBANK0                             80       80       30         1

        CLASS   BANK1          

        CLASS   BANK2          

        CLASS   BANK3          

        CLASS   BANK4          

        CLASS   BANK5          

        CLASS   SFR            

        CLASS   BIGSFR         

        CLASS   CONFIG         
                config                           300000   300000        E         4

        CLASS   IDLOC          
                idloc                            200000   200000        8         5

        CLASS   EEDATA         

        CLASS   FARRAM         

        CLASS   HEAP           

        CLASS   STACK          



SEGMENTS        Name                           Load    Length   Top    Selector   Space  Class

                reset_vec                      000000  000004  000004         0       0  CODE    
                cstackCOMRAM                   000001  00007A  00007B         1       1  COMRAM  
                intcode                        000008  00000A  000012         4       0  CODE    
                bssBANK0                       000080  000030  0000B0        80       1  BANK0   
                smallconst                     000600  00002E  00062E       300       0  SMALLCON
                text4                          00062E  00110E  00173C       317       0  CODE    


UNUSED ADDRESS RANGES

        Name                Unused          Largest block    Delta
        BANK0            0000B0-0000FF               50
        BANK1            000100-0001FF              100
        BANK2            000200-0002FF              100
        BANK3            000300-0003FF              100
        BANK4            000400-0004FF              100
        BANK5            000500-0005FF              100
        BIGRAM           00007B-00007F                5
                         0000B0-0005FF              550
        BIGSFR           000F80-000FFF               80
        CODE             000004-000007                4
                         000012-0005FF              5EE
                         00173C-007FFF             68C4
        COMRAM           00007B-00007F                5
        CONST            000004-000007                4
                         000012-0005FF              5EE
                         00173C-007FFF             68C4
        EEDATA           F00000-F000FF              100
        MEDIUMCONST      00173C-007FFF             68C4
        RAM              0000B0-0005FF              100
        SFR              000F80-000FFF               80
        SMALLCONST       00173C-007FFF              100

                                  Symbol Table

?___aodiv                cstackCOMRAM 000003
?___aomod                cstackCOMRAM 000003
?___wmul                 cstackCOMRAM 000003
?_abs                    cstackCOMRAM 000015
?_atoi                   cstackCOMRAM 000009
?_isdigit                cstackCOMRAM 000003
?_isspace                cstackCOMRAM 000003
?_sprintf                cstackCOMRAM 00005E
?_vfprintf               cstackCOMRAM 000056
_ADCON1                  (abs)        000FC1
_BufferLCD               bssBANK0     0000A0
_Ext_Counter             intcode      000008
_INTCON                  (abs)        000FF2
_INTCON2                 (abs)        000FF1
_INTCON3                 (abs)        000FF0
_INTCON3bits             (abs)        000FF0
_INTCONbits              (abs)        000FF2
_OSCCON                  (abs)        000FD3
_OSCTUNE                 (abs)        000F9B
_PORTB                   (abs)        000F81
_PORTC                   (abs)        000F82
_PORTD                   (abs)        000F83
_PORTDbits               (abs)        000F83
_PORTEbits               (abs)        000F84
_TRISB                   (abs)        000F93
_TRISC                   (abs)        000F94
_TRISD                   (abs)        000F95
_TRISEbits               (abs)        000F96
__HRAM                   (abs)        000000
__Habs1                  abs1         000000
__Hbank0                 bank0        000000
__Hbank1                 bank1        000000
__Hbank2                 bank2        000000
__Hbank3                 bank3        000000
__Hbank4                 bank4        000000
__Hbank5                 bank5        000000
__Hbigbss                bigbss       000000
__Hbigdata               bigdata      000000
__Hbigram                bigram       000000
__Hbigsfr                bigsfr       000000
__Hbss                   bss          000000
__HbssBANK0              bssBANK0     000000
__HbssCOMRAM             bssCOMRAM    000000
__Hcinit                 cinit        000000
__Hclrtext               clrtext      000000
__Hcomram                comram       000000
__Hconfig                config       30000E
__Hconst                 const        000000
__HcstackCOMRAM          cstackCOMRAM 000000
__Hdata                  data         000000
__Heeprom_data           eeprom_data  000000
__Hfarbss                farbss       000000
__Hfardata               fardata      000000
__Hheap                  heap         000000
__Hibigdata              ibigdata     000000
__Hidata                 idata        000000
__Hidloc                 idloc        200008
__Hifardata              ifardata     000000
__Hinit                  init         000012
__Hintcode               intcode      00000E
__Hintcode_body          intcode_body 000000
__Hintcodelo             intcodelo    00000E
__Hintentry              intentry     000000
__Hintret                intret       000000
__Hintsave_regs          intsave_regs 000000
__Hirdata                irdata       000000
__Hmediumconst           mediumconst  000000
__HnvFARRAM              nvFARRAM     000000
__Hnvbit                 nvbit        000000
__Hnvrram                nvrram       000000
__Hparam                 rparam       000000
__Hpowerup               powerup      00000E
__Hram                   ram          000000
__Hramtop                ramtop       000600
__Hrbit                  rbit         000000
__Hrbss                  rbss         000000
__Hrdata                 rdata        000000
__Hreset_vec             reset_vec    000004
__Hrparam                rparam       000000
__Hsfr                   sfr          000000
__Hsmallconst            smallconst   00062E
__Hspace_0               (abs)        00173C
__Hspace_1               (abs)        0000B0
__Hspace_2               (abs)        000000
__Hspace_4               (abs)        60000E
__Hstack                 stack        000000
__Hstruct                struct       000000
__Htemp                  temp         00007B
__Htext                  text         000000
__Htext0                 text0        000000
__Htext1                 text1        000000
__Htext10                text10       000000
__Htext11                text11       000000
__Htext12                text12       000000
__Htext13                text13       000000
__Htext14                text14       000000
__Htext15                text15       000000
__Htext16                text16       000000
__Htext17                text17       000000
__Htext18                text18       000000
__Htext19                text19       000000
__Htext2                 text2        000000
__Htext20                text20       000000
__Htext21                text21       000000
__Htext22                text22       000000
__Htext23                text23       000000
__Htext3                 text3        000000
__Htext4                 text4        000000
__Htext5                 text5        000000
__Htext6                 text6        000000
__Htext7                 text7        000000
__Htext8                 text8        000000
__Htext9                 text9        000000
__LRAM                   (abs)        000001
__Labs1                  abs1         000000
__Lbank0                 bank0        000000
__Lbank1                 bank1        000000
__Lbank2                 bank2        000000
__Lbank3                 bank3        000000
__Lbank4                 bank4        000000
__Lbank5                 bank5        000000
__Lbigbss                bigbss       000000
__Lbigdata               bigdata      000000
__Lbigram                bigram       000000
__Lbigsfr                bigsfr       000000
__Lbss                   bss          000000
__LbssBANK0              bssBANK0     000000
__LbssCOMRAM             bssCOMRAM    000000
__Lcinit                 cinit        000000
__Lclrtext               clrtext      000000
__Lcomram                comram       000000
__Lconfig                config       000000
__Lconst                 const        000000
__LcstackCOMRAM          cstackCOMRAM 000000
__Ldata                  data         000000
__Leeprom_data           eeprom_data  000000
__Lfarbss                farbss       000000
__Lfardata               fardata      000000
__Lheap                  heap         000000
__Libigdata              ibigdata     000000
__Lidata                 idata        000000
__Lidloc                 idloc        000000
__Lifardata              ifardata     000000
__Linit                  init         00000E
__Lintcode               intcode      000008
__Lintcode_body          intcode_body 000000
__Lintcodelo             intcodelo    00000E
__Lintentry              intentry     000000
__Lintret                intret       000000
__Lintsave_regs          intsave_regs 000000
__Lirdata                irdata       000000
__Lmediumconst           mediumconst  000000
__LnvFARRAM              nvFARRAM     000000
__Lnvbit                 nvbit        000000
__Lnvrram                nvrram       000000
__Lparam                 rparam       000000
__Lpowerup               powerup      00000E
__Lram                   ram          000000
__Lramtop                ramtop       000600
__Lrbit                  rbit         000000
__Lrbss                  rbss         000000
__Lrdata                 rdata        000000
__Lreset_vec             reset_vec    000000
__Lrparam                rparam       000000
__Lsfr                   sfr          000000
__Lsmallconst            smallconst   000600
__Lspace_0               (abs)        000000
__Lspace_1               (abs)        000000
__Lspace_2               (abs)        000000
__Lspace_4               (abs)        000000
__Lstack                 stack        000000
__Lstruct                struct       000000
__Ltemp                  temp         00007A
__Ltext                  text         000000
__Ltext0                 text0        000000
__Ltext1                 text1        000000
__Ltext10                text10       000000
__Ltext11                text11       000000
__Ltext12                text12       000000
__Ltext13                text13       000000
__Ltext14                text14       000000
__Ltext15                text15       000000
__Ltext16                text16       000000
__Ltext17                text17       000000
__Ltext18                text18       000000
__Ltext19                text19       000000
__Ltext2                 text2        000000
__Ltext20                text20       000000
__Ltext21                text21       000000
__Ltext22                text22       000000
__Ltext23                text23       000000
__Ltext3                 text3        000000
__Ltext4                 text4        000000
__Ltext5                 text5        000000
__Ltext6                 text6        000000
__Ltext7                 text7        000000
__Ltext8                 text8        000000
__Ltext9                 text9        000000
__S0                     (abs)        00173C
__S1                     (abs)        0000B0
__S4                     (abs)        000000
__S5                     (abs)        000000
___aodiv                 text11       000B7C
___aodiv@counter         cstackCOMRAM 000013
___aodiv@dividend        cstackCOMRAM 000003
___aodiv@divisor         cstackCOMRAM 00000B
___aodiv@quotient        cstackCOMRAM 000015
___aodiv@sign            cstackCOMRAM 000014
___aomod                 text10       000D04
___aomod@counter         cstackCOMRAM 000013
___aomod@dividend        cstackCOMRAM 000003
___aomod@divisor         cstackCOMRAM 00000B
___aomod@sign            cstackCOMRAM 000014
___heap_hi               (abs)        000000
___heap_lo               (abs)        000000
___inthi_sp              stack        000000
___intlo_sp              stack        000000
___param_bank            (abs)        000000
___rparam_used           (abs)        000001
___sp                    stack        000000
___wmul                  text15       0016AA
___wmul@multiplicand     cstackCOMRAM 000005
___wmul@multiplier       cstackCOMRAM 000003
___wmul@product          cstackCOMRAM 000007
__accesstop              (abs)        000080
__activetblptr           (abs)        000002
__end_of_Ext_Counter     intcode_body 0010DA
__end_of___aodiv         text11       000D04
__end_of___aomod         text10       000E68
__end_of___wmul          text15       0016D0
__end_of__initialization cinit        00169C
__end_of_abs             text9        001658
__end_of_atoi            text12       000FB2
__end_of_config_EXT_INT  text23       001730
__end_of_config_FOSC     text22       00173A
__end_of_config_IO       text21       001722
__end_of_dtoa            text4        0008E2
__end_of_fputc           text7        001288
__end_of_fputs           text6        001618
__end_of_isdigit         text14       001684
__end_of_isspace         text13       0015D4
__end_of_lcd_cmd         text19       0011BE
__end_of_lcd_init        text18       001470
__end_of_lcd_send_byte   text17       00170E
__end_of_lcd_write       text16       0013D2
__end_of_main            text0        0014F2
__end_of_pad             text5        001332
__end_of_putch           text8        00173C
__end_of_set_bit         text20       0016F0
__end_of_sprintf         text1        001540
__end_of_vfpfcnvrt       text3        000B7C
__end_of_vfprintf        text2        00158E
__initialization         cinit        001684
__mediumconst            mediumconst  000000
__pbssBANK0              bssBANK0     000080
__pbssCOMRAM             bssCOMRAM    000073
__pcinit                 cinit        001684
__pcstackCOMRAM          cstackCOMRAM 000001
__pintcode               intcode      000008
__pintcode_body          intcode_body 000FB2
__psmallconst            smallconst   000600
__ptext0                 text0        001470
__ptext1                 text1        0014F2
__ptext10                text10       000D04
__ptext11                text11       000B7C
__ptext12                text12       000E68
__ptext13                text13       00158E
__ptext14                text14       001658
__ptext15                text15       0016AA
__ptext16                text16       001332
__ptext17                text17       0016F0
__ptext18                text18       0013D2
__ptext19                text19       0010DA
__ptext2                 text2        001540
__ptext20                text20       0016D0
__ptext21                text21       00170E
__ptext22                text22       001730
__ptext23                text23       001722
__ptext3                 text3        0008E2
__ptext4                 text4        00062E
__ptext5                 text5        001288
__ptext6                 text6        0015D4
__ptext7                 text7        0011BE
__ptext8                 text8        00173A
__ptext9                 text9        001618
__ramtop                 ramtop       000600
__smallconst             smallconst   000600
_abs                     text9        001618
_atoi                    text12       000E68
_config_EXT_INT          text23       001722
_config_FOSC             text22       001730
_config_IO               text21       00170E
_counter                 bssCOMRAM    000077
_dbuf                    bssBANK0     000080
_dtoa                    text4        00062E
_dtoa$945                cstackCOMRAM 000030
_flags                   bssCOMRAM    000079
_fputc                   text7        0011BE
_fputs                   text6        0015D4
_isdigit                 text14       001658
_isspace                 text13       00158E
_isspace$994             cstackCOMRAM 000007
_lcd_cmd                 text19       0010DA
_lcd_init                text18       0013D2
_lcd_send_byte           text17       0016F0
_lcd_write               text16       001332
_main                    text0        001470
_pad                     text5        001288
_prec                    bssCOMRAM    000075
_putch                   text8        00173A
_set_bit                 text20       0016D0
_sprintf                 text1        0014F2
_vfpfcnvrt               text3        0008E2
_vfprintf                text2        001540
_width                   bssCOMRAM    000073
abs@a                    cstackCOMRAM 000015
atoi@n                   cstackCOMRAM 000010
atoi@neg                 cstackCOMRAM 00000E
atoi@s                   cstackCOMRAM 000009
btemp                    temp         00007A
dtoa@d                   cstackCOMRAM 000020
dtoa@fp                  cstackCOMRAM 00001E
dtoa@i                   cstackCOMRAM 00003E
dtoa@n                   cstackCOMRAM 000036
dtoa@p                   cstackCOMRAM 000032
dtoa@s                   cstackCOMRAM 000040
dtoa@w                   cstackCOMRAM 000034
end_of_initialization    cinit        00169C
fputc@c                  cstackCOMRAM 000003
fputc@fp                 cstackCOMRAM 000005
fputs@c                  cstackCOMRAM 000010
fputs@fp                 cstackCOMRAM 00000E
fputs@i                  cstackCOMRAM 000011
fputs@s                  cstackCOMRAM 00000C
int$flags                temp         00007A
int_func                 intcode_body 000FB2
intlevel0                text         000000
intlevel1                text         000000
intlevel2                text         000000
intlevel3                text         000000
isa$std                  (abs)        000001
isa$xinst                (abs)        000000
isdigit@c                cstackCOMRAM 000003
isspace@c                cstackCOMRAM 000003
lcd_cmd@cmd              cstackCOMRAM 000006
lcd_init@i               cstackCOMRAM 000008
lcd_send_byte@data       cstackCOMRAM 000007
lcd_send_byte@level      cstackCOMRAM 000008
lcd_write@col            cstackCOMRAM 000009
lcd_write@end            cstackCOMRAM 00000C
lcd_write@lin            cstackCOMRAM 00000D
lcd_write@str            cstackCOMRAM 00000A
pad@buf                  cstackCOMRAM 000015
pad@fp                   cstackCOMRAM 000013
pad@i                    cstackCOMRAM 00001A
pad@p                    cstackCOMRAM 000017
pad@w                    cstackCOMRAM 00001C
set_bit@cmd              cstackCOMRAM 000004
set_bit@comp             cstackCOMRAM 000003
sprintf@ap               cstackCOMRAM 000064
sprintf@f                cstackCOMRAM 000066
sprintf@fmt              cstackCOMRAM 000060
sprintf@s                cstackCOMRAM 00005E
stackhi                  (abs)        000000
stacklo                  (abs)        000000
start                    init         00000E
start_initialization     cinit        001684
ttemp5                   temp         00007B
ttemp6                   temp         00007E
ttemp7                   temp         000082
vfpfcnvrt@ap             cstackCOMRAM 000045
vfpfcnvrt@convarg        cstackCOMRAM 00004A
vfpfcnvrt@cp             cstackCOMRAM 000054
vfpfcnvrt@done           cstackCOMRAM 000052
vfpfcnvrt@fmt            cstackCOMRAM 000043
vfpfcnvrt@fp             cstackCOMRAM 000041
vfprintf@ap              cstackCOMRAM 00005A
vfprintf@cfmt            cstackCOMRAM 00005C
vfprintf@fmt             cstackCOMRAM 000058
vfprintf@fp              cstackCOMRAM 000056
wtemp8                   temp         00007B


MODULE INFORMATION

Module		Function		Class		Link	Load	Size
C:\Program Files\Microchip\xc8\v2.40\pic\sources\c99\common\nf_fputc.c
		_fputc         		CODE           	11BE	0000	202

C:\Program Files\Microchip\xc8\v2.40\pic\sources\c99\common\nf_fputc.c estimated size: 202

C:\Program Files\Microchip\xc8\v2.40\pic\sources\c99\common\nf_sprintf.c
		_sprintf       		CODE           	14F2	0000	78

C:\Program Files\Microchip\xc8\v2.40\pic\sources\c99\common\nf_sprintf.c estimated size: 78

C:\Program Files\Microchip\xc8\v2.40\pic\sources\c99\common\isspace.c
		_isspace       		CODE           	158E	0000	70

C:\Program Files\Microchip\xc8\v2.40\pic\sources\c99\common\isspace.c estimated size: 70

C:\Program Files\Microchip\xc8\v2.40\pic\sources\c99\common\atoi.c
		_atoi          		CODE           	0E68	0000	330

C:\Program Files\Microchip\xc8\v2.40\pic\sources\c99\common\atoi.c estimated size: 330

C:\Program Files\Microchip\xc8\v2.40\pic\sources\c99\common\Umul16.c
		___wmul        		CODE           	16AA	0000	38

C:\Program Files\Microchip\xc8\v2.40\pic\sources\c99\common\Umul16.c estimated size: 38

C:\Program Files\Microchip\xc8\v2.40\pic\sources\c99\common\abs.c
		_abs           		CODE           	1618	0000	64

C:\Program Files\Microchip\xc8\v2.40\pic\sources\c99\common\abs.c estimated size: 64

LCD4b_EXSTO.c
		_lcd_cmd       		CODE           	10DA	0000	228
		_lcd_send_byte 		CODE           	16F0	0000	30
		_set_bit       		CODE           	16D0	0000	32
		_lcd_write     		CODE           	1332	0000	160
		_lcd_init      		CODE           	13D2	0000	158

LCD4b_EXSTO.c estimated size: 608

C:\Program Files\Microchip\xc8\v2.40\pic\sources\c99\common\isdigit.c
		_isdigit       		CODE           	1658	0000	44

C:\Program Files\Microchip\xc8\v2.40\pic\sources\c99\common\isdigit.c estimated size: 44

C:\Program Files\Microchip\xc8\v2.40\pic\sources\c99\common\nf_fputs.c
		_fputs         		CODE           	15D4	0000	68

C:\Program Files\Microchip\xc8\v2.40\pic\sources\c99\common\nf_fputs.c estimated size: 68

C:\Program Files\Microchip\xc8\v2.40\pic\sources\c99\common\aomod.c
		___aomod       		CODE           	0D04	0000	356

C:\Program Files\Microchip\xc8\v2.40\pic\sources\c99\common\aomod.c estimated size: 356

shared
		__initialization		CODE           	1684	0000	24

shared estimated size: 24

C:\Program Files\Microchip\xc8\v2.40\pic\sources\c99\common\putch.c
		_putch         		CODE           	173A	0000	2

C:\Program Files\Microchip\xc8\v2.40\pic\sources\c99\common\putch.c estimated size: 2

C:\Program Files\Microchip\xc8\v2.40\pic\sources\c99\common\doprnt.c
		_vfpfcnvrt     		CODE           	08E2	0000	666
		_pad           		CODE           	1288	0000	170
		_dtoa          		CODE           	062E	0000	692
		_vfprintf      		CODE           	1540	0000	78

C:\Program Files\Microchip\xc8\v2.40\pic\sources\c99\common\doprnt.c estimated size: 1606

Program_Interrupt_LEDs.c
		_config_EXT_INT		CODE           	1722	0000	14
		_main          		CODE           	1470	0000	130
		_Ext_Counter   		CODE           	0008	0000	302
		_config_IO     		CODE           	170E	0000	20
		_config_FOSC   		CODE           	1730	0000	10

Program_Interrupt_LEDs.c estimated size: 476

C:\Program Files\Microchip\xc8\v2.40\pic\sources\c99\common\aodiv.c
		___aodiv       		CODE           	0B7C	0000	392

C:\Program Files\Microchip\xc8\v2.40\pic\sources\c99\common\aodiv.c estimated size: 392

